Archive member included to satisfy reference by file (symbol)

/usr/lib/gcc/arm-none-eabi/10.3.1/../../../arm-none-eabi/lib/thumb/v7e-m/nofp/libc_nano.a(lib_a-atexit.o)
                              /usr/lib/gcc/arm-none-eabi/10.3.1/../../../arm-none-eabi/lib/thumb/v7e-m/nofp/crt0.o (atexit)
/usr/lib/gcc/arm-none-eabi/10.3.1/../../../arm-none-eabi/lib/thumb/v7e-m/nofp/libc_nano.a(lib_a-errno.o)
                              Build/syscalls.o (__errno)
/usr/lib/gcc/arm-none-eabi/10.3.1/../../../arm-none-eabi/lib/thumb/v7e-m/nofp/libc_nano.a(lib_a-exit.o)
                              /usr/lib/gcc/arm-none-eabi/10.3.1/../../../arm-none-eabi/lib/thumb/v7e-m/nofp/crt0.o (exit)
/usr/lib/gcc/arm-none-eabi/10.3.1/../../../arm-none-eabi/lib/thumb/v7e-m/nofp/libc_nano.a(lib_a-fini.o)
                              /usr/lib/gcc/arm-none-eabi/10.3.1/../../../arm-none-eabi/lib/thumb/v7e-m/nofp/crt0.o (__libc_fini_array)
/usr/lib/gcc/arm-none-eabi/10.3.1/../../../arm-none-eabi/lib/thumb/v7e-m/nofp/libc_nano.a(lib_a-impure.o)
                              /usr/lib/gcc/arm-none-eabi/10.3.1/../../../arm-none-eabi/lib/thumb/v7e-m/nofp/libc_nano.a(lib_a-exit.o) (_global_impure_ptr)
/usr/lib/gcc/arm-none-eabi/10.3.1/../../../arm-none-eabi/lib/thumb/v7e-m/nofp/libc_nano.a(lib_a-init.o)
                              /usr/lib/gcc/arm-none-eabi/10.3.1/../../../arm-none-eabi/lib/thumb/v7e-m/nofp/crt0.o (__libc_init_array)
/usr/lib/gcc/arm-none-eabi/10.3.1/../../../arm-none-eabi/lib/thumb/v7e-m/nofp/libc_nano.a(lib_a-memset.o)
                              /usr/lib/gcc/arm-none-eabi/10.3.1/../../../arm-none-eabi/lib/thumb/v7e-m/nofp/crt0.o (memset)
/usr/lib/gcc/arm-none-eabi/10.3.1/../../../arm-none-eabi/lib/thumb/v7e-m/nofp/libc_nano.a(lib_a-puts.o)
                              Build/main.o (puts)
/usr/lib/gcc/arm-none-eabi/10.3.1/../../../arm-none-eabi/lib/thumb/v7e-m/nofp/libc_nano.a(lib_a-wbuf.o)
                              /usr/lib/gcc/arm-none-eabi/10.3.1/../../../arm-none-eabi/lib/thumb/v7e-m/nofp/libc_nano.a(lib_a-puts.o) (__swbuf_r)
/usr/lib/gcc/arm-none-eabi/10.3.1/../../../arm-none-eabi/lib/thumb/v7e-m/nofp/libc_nano.a(lib_a-wsetup.o)
                              /usr/lib/gcc/arm-none-eabi/10.3.1/../../../arm-none-eabi/lib/thumb/v7e-m/nofp/libc_nano.a(lib_a-puts.o) (__swsetup_r)
/usr/lib/gcc/arm-none-eabi/10.3.1/../../../arm-none-eabi/lib/thumb/v7e-m/nofp/libc_nano.a(lib_a-__atexit.o)
                              /usr/lib/gcc/arm-none-eabi/10.3.1/../../../arm-none-eabi/lib/thumb/v7e-m/nofp/libc_nano.a(lib_a-atexit.o) (__register_exitproc)
/usr/lib/gcc/arm-none-eabi/10.3.1/../../../arm-none-eabi/lib/thumb/v7e-m/nofp/libc_nano.a(lib_a-__call_atexit.o)
                              /usr/lib/gcc/arm-none-eabi/10.3.1/../../../arm-none-eabi/lib/thumb/v7e-m/nofp/libc_nano.a(lib_a-__atexit.o) (__call_exitprocs)
/usr/lib/gcc/arm-none-eabi/10.3.1/../../../arm-none-eabi/lib/thumb/v7e-m/nofp/libc_nano.a(lib_a-fflush.o)
                              /usr/lib/gcc/arm-none-eabi/10.3.1/../../../arm-none-eabi/lib/thumb/v7e-m/nofp/libc_nano.a(lib_a-wbuf.o) (_fflush_r)
/usr/lib/gcc/arm-none-eabi/10.3.1/../../../arm-none-eabi/lib/thumb/v7e-m/nofp/libc_nano.a(lib_a-findfp.o)
                              /usr/lib/gcc/arm-none-eabi/10.3.1/../../../arm-none-eabi/lib/thumb/v7e-m/nofp/libc_nano.a(lib_a-puts.o) (__sinit)
/usr/lib/gcc/arm-none-eabi/10.3.1/../../../arm-none-eabi/lib/thumb/v7e-m/nofp/libc_nano.a(lib_a-fwalk.o)
                              /usr/lib/gcc/arm-none-eabi/10.3.1/../../../arm-none-eabi/lib/thumb/v7e-m/nofp/libc_nano.a(lib_a-findfp.o) (_fwalk)
/usr/lib/gcc/arm-none-eabi/10.3.1/../../../arm-none-eabi/lib/thumb/v7e-m/nofp/libc_nano.a(lib_a-makebuf.o)
                              /usr/lib/gcc/arm-none-eabi/10.3.1/../../../arm-none-eabi/lib/thumb/v7e-m/nofp/libc_nano.a(lib_a-wsetup.o) (__smakebuf_r)
/usr/lib/gcc/arm-none-eabi/10.3.1/../../../arm-none-eabi/lib/thumb/v7e-m/nofp/libc_nano.a(lib_a-nano-freer.o)
                              /usr/lib/gcc/arm-none-eabi/10.3.1/../../../arm-none-eabi/lib/thumb/v7e-m/nofp/libc_nano.a(lib_a-wsetup.o) (_free_r)
/usr/lib/gcc/arm-none-eabi/10.3.1/../../../arm-none-eabi/lib/thumb/v7e-m/nofp/libc_nano.a(lib_a-nano-mallocr.o)
                              /usr/lib/gcc/arm-none-eabi/10.3.1/../../../arm-none-eabi/lib/thumb/v7e-m/nofp/libc_nano.a(lib_a-findfp.o) (_malloc_r)
/usr/lib/gcc/arm-none-eabi/10.3.1/../../../arm-none-eabi/lib/thumb/v7e-m/nofp/libc_nano.a(lib_a-sbrkr.o)
                              /usr/lib/gcc/arm-none-eabi/10.3.1/../../../arm-none-eabi/lib/thumb/v7e-m/nofp/libc_nano.a(lib_a-nano-mallocr.o) (_sbrk_r)
/usr/lib/gcc/arm-none-eabi/10.3.1/../../../arm-none-eabi/lib/thumb/v7e-m/nofp/libc_nano.a(lib_a-stdio.o)
                              /usr/lib/gcc/arm-none-eabi/10.3.1/../../../arm-none-eabi/lib/thumb/v7e-m/nofp/libc_nano.a(lib_a-findfp.o) (__sread)
/usr/lib/gcc/arm-none-eabi/10.3.1/../../../arm-none-eabi/lib/thumb/v7e-m/nofp/libc_nano.a(lib_a-writer.o)
                              /usr/lib/gcc/arm-none-eabi/10.3.1/../../../arm-none-eabi/lib/thumb/v7e-m/nofp/libc_nano.a(lib_a-stdio.o) (_write_r)
/usr/lib/gcc/arm-none-eabi/10.3.1/../../../arm-none-eabi/lib/thumb/v7e-m/nofp/libc_nano.a(lib_a-closer.o)
                              /usr/lib/gcc/arm-none-eabi/10.3.1/../../../arm-none-eabi/lib/thumb/v7e-m/nofp/libc_nano.a(lib_a-stdio.o) (_close_r)
/usr/lib/gcc/arm-none-eabi/10.3.1/../../../arm-none-eabi/lib/thumb/v7e-m/nofp/libc_nano.a(lib_a-fstatr.o)
                              /usr/lib/gcc/arm-none-eabi/10.3.1/../../../arm-none-eabi/lib/thumb/v7e-m/nofp/libc_nano.a(lib_a-makebuf.o) (_fstat_r)
/usr/lib/gcc/arm-none-eabi/10.3.1/../../../arm-none-eabi/lib/thumb/v7e-m/nofp/libc_nano.a(lib_a-isattyr.o)
                              /usr/lib/gcc/arm-none-eabi/10.3.1/../../../arm-none-eabi/lib/thumb/v7e-m/nofp/libc_nano.a(lib_a-makebuf.o) (_isatty_r)
/usr/lib/gcc/arm-none-eabi/10.3.1/../../../arm-none-eabi/lib/thumb/v7e-m/nofp/libc_nano.a(lib_a-lseekr.o)
                              /usr/lib/gcc/arm-none-eabi/10.3.1/../../../arm-none-eabi/lib/thumb/v7e-m/nofp/libc_nano.a(lib_a-stdio.o) (_lseek_r)
/usr/lib/gcc/arm-none-eabi/10.3.1/../../../arm-none-eabi/lib/thumb/v7e-m/nofp/libc_nano.a(lib_a-mlock.o)
                              /usr/lib/gcc/arm-none-eabi/10.3.1/../../../arm-none-eabi/lib/thumb/v7e-m/nofp/libc_nano.a(lib_a-nano-freer.o) (__malloc_lock)
/usr/lib/gcc/arm-none-eabi/10.3.1/../../../arm-none-eabi/lib/thumb/v7e-m/nofp/libc_nano.a(lib_a-readr.o)
                              /usr/lib/gcc/arm-none-eabi/10.3.1/../../../arm-none-eabi/lib/thumb/v7e-m/nofp/libc_nano.a(lib_a-stdio.o) (_read_r)
/usr/lib/gcc/arm-none-eabi/10.3.1/../../../arm-none-eabi/lib/thumb/v7e-m/nofp/libc_nano.a(lib_a-reent.o)
                              /usr/lib/gcc/arm-none-eabi/10.3.1/../../../arm-none-eabi/lib/thumb/v7e-m/nofp/libc_nano.a(lib_a-sbrkr.o) (errno)

Memory Configuration

Name             Origin             Length             Attributes
FLASH            0x0000000008000000 0x0000000000080000 xr
SRAM             0x0000000020000000 0x0000000000018000 xrw
*default*        0x0000000000000000 0xffffffffffffffff

Linker script and memory map

LOAD /usr/lib/gcc/arm-none-eabi/10.3.1/thumb/v7e-m/nofp/crti.o
LOAD /usr/lib/gcc/arm-none-eabi/10.3.1/thumb/v7e-m/nofp/crtbegin.o
LOAD /usr/lib/gcc/arm-none-eabi/10.3.1/../../../arm-none-eabi/lib/thumb/v7e-m/nofp/crt0.o
LOAD Build/main.o
LOAD Build/stm32_startup.o
LOAD Build/syscalls.o
LOAD Build/driver_gpio.o
LOAD Build/driver_uart.o
START GROUP
LOAD /usr/lib/gcc/arm-none-eabi/10.3.1/thumb/v7e-m/nofp/libgcc.a
LOAD /usr/lib/gcc/arm-none-eabi/10.3.1/../../../arm-none-eabi/lib/thumb/v7e-m/nofp/libc_nano.a
END GROUP
START GROUP
LOAD /usr/lib/gcc/arm-none-eabi/10.3.1/thumb/v7e-m/nofp/libgcc.a
LOAD /usr/lib/gcc/arm-none-eabi/10.3.1/../../../arm-none-eabi/lib/thumb/v7e-m/nofp/libc_nano.a
END GROUP
LOAD /usr/lib/gcc/arm-none-eabi/10.3.1/thumb/v7e-m/nofp/crtend.o
LOAD /usr/lib/gcc/arm-none-eabi/10.3.1/thumb/v7e-m/nofp/crtn.o

.text           0x0000000008000000     0x1b5c
 *(.isr_vector)
 .isr_vector    0x0000000008000000      0x194 Build/stm32_startup.o
                0x0000000008000000                vectors
 *(.text)
 .text          0x0000000008000194        0x0 /usr/lib/gcc/arm-none-eabi/10.3.1/thumb/v7e-m/nofp/crti.o
 .text          0x0000000008000194       0x88 /usr/lib/gcc/arm-none-eabi/10.3.1/thumb/v7e-m/nofp/crtbegin.o
 .text          0x000000000800021c       0x70 /usr/lib/gcc/arm-none-eabi/10.3.1/../../../arm-none-eabi/lib/thumb/v7e-m/nofp/crt0.o
                0x000000000800021c                _stack_init
                0x0000000008000224                _mainCRTStartup
                0x0000000008000224                _start
 .text          0x000000000800028c       0x98 Build/main.o
                0x000000000800028c                __io_putchar
                0x00000000080002a8                delay_cycles
                0x00000000080002ca                main
                0x00000000080002ec                uart2_init_pins
 .text          0x0000000008000324       0x90 Build/stm32_startup.o
                0x0000000008000324                EXTI2_IRQHandler
                0x0000000008000324                DebugMon_Handler
                0x0000000008000324                SPI4_IRQHandler
                0x0000000008000324                TIM1_CC_IRQHandler
                0x0000000008000324                DMA2_Stream5_IRQHandler
                0x0000000008000324                HardFault_Handler
                0x0000000008000324                DMA1_Stream5_IRQHandler
                0x0000000008000324                SysTick_Handler
                0x0000000008000324                SDIO_IRQHandler
                0x0000000008000324                TAMP_STAMP_IRQHandler
                0x0000000008000324                PendSV_Handler
                0x0000000008000324                NMI_Handler
                0x0000000008000324                EXTI3_IRQHandler
                0x0000000008000324                TIM1_UP_TIM10_IRQHandler
                0x0000000008000324                I2C3_ER_IRQHandler
                0x0000000008000324                EXTI18_OTG_FS_WKUP_IRQHandler
                0x0000000008000324                EXTI0_IRQHandler
                0x0000000008000324                I2C2_EV_IRQHandler
                0x0000000008000324                DMA1_Stream2_IRQHandler
                0x0000000008000324                UsageFault_Handler
                0x0000000008000324                DMA2_Stream2_IRQHandler
                0x0000000008000324                SPI1_IRQHandler
                0x0000000008000324                TIM1_BRK_TIM9_IRQHandler
                0x0000000008000324                DMA2_Stream3_IRQHandler
                0x0000000008000324                USART6_IRQHandler
                0x0000000008000324                DMA2_Stream0_IRQHandler
                0x0000000008000324                TIM4_IRQHandler
                0x0000000008000324                I2C1_EV_IRQHandler
                0x0000000008000324                DMA1_Stream6_IRQHandler
                0x0000000008000324                DMA1_Stream1_IRQHandler
                0x0000000008000324                TIM3_IRQHandler
                0x0000000008000324                RCC_IRQHandler
                0x0000000008000324                Default_Handler
                0x0000000008000324                EXTI15_10_IRQHandler
                0x0000000008000324                ADC_IRQHandler
                0x0000000008000324                DMA1_Stream7_IRQHandler
                0x0000000008000324                TIM5_IRQHandler
                0x0000000008000324                DMA2_Stream7_IRQHandler
                0x0000000008000324                I2C3_EV_IRQHandler
                0x0000000008000324                EXTI9_5_IRQHandler
                0x0000000008000324                SPI2_IRQHandler
                0x0000000008000324                MemManage_Handler
                0x0000000008000324                DMA1_Stream0_IRQHandler
                0x0000000008000324                SVC_Handler
                0x0000000008000324                EXTI4_IRQHandler
                0x0000000008000324                EXTI22_RTC_WKUP_IRQHandler
                0x0000000008000324                TIM2_IRQHandler
                0x0000000008000324                EXTI16_PVD_IRQHandler
                0x0000000008000324                TIM1_TRG_COM_TIM11_IRQHandler
                0x0000000008000324                EXTI1_IRQHandler
                0x0000000008000324                EXTI17_RTC_Alarm_IRQHandler
                0x0000000008000324                USART2_IRQHandler
                0x0000000008000324                I2C2_ER_IRQHandler
                0x0000000008000324                DMA2_Stream1_IRQHandler
                0x0000000008000324                FLASH_IRQHandler
                0x0000000008000324                DMA2_Stream4_IRQHandler
                0x0000000008000324                BusFault_Handler
                0x0000000008000324                USART1_IRQHandler
                0x0000000008000324                OTG_FS_IRQHandler
                0x0000000008000324                SPI3_IRQHandler
                0x0000000008000324                DMA1_Stream4_IRQHandler
                0x0000000008000324                I2C1_ER_IRQHandler
                0x0000000008000324                DMA2_Stream6_IRQHandler
                0x0000000008000324                DMA1_Stream3_IRQHandler
                0x000000000800032a                Reset_Handler
 .text          0x00000000080003b4      0x25c Build/syscalls.o
                0x00000000080003b4                initialise_monitor_handles
                0x00000000080003c0                _getpid
                0x00000000080003ce                _kill
                0x00000000080003ee                _exit
                0x0000000008000402                _read
                0x000000000800043c                _write
                0x0000000008000474                _close
                0x000000000800048a                _fstat
                0x00000000080004a8                _isatty
                0x00000000080004bc                _lseek
                0x00000000080004d4                _open
                0x00000000080004ee                _wait
                0x000000000800050c                _unlink
                0x000000000800052a                _times
                0x0000000008000540                _stat
                0x000000000800055e                _link
                0x000000000800057e                _fork
                0x0000000008000594                _execve
                0x00000000080005b6                _sbrk
 .text          0x0000000008000610      0x478 Build/driver_gpio.o
                0x0000000008000610                GPIO_PeriClockControl
                0x0000000008000750                GPIO_Init
                0x00000000080008f2                GPIO_DeInit
                0x00000000080009ec                GPIO_ReadFromInputPin
                0x0000000008000a16                GPIO_WriteToOutputPin
                0x0000000008000a5e                GPIO_ToggleOutputPin
 .text          0x0000000008000a88       0xa0 Build/driver_uart.o
                0x0000000008000aac                uart2_init
                0x0000000008000afc                uart2_write_byte
 .text          0x0000000008000b28        0xc /usr/lib/gcc/arm-none-eabi/10.3.1/../../../arm-none-eabi/lib/thumb/v7e-m/nofp/libc_nano.a(lib_a-atexit.o)
                0x0000000008000b28                atexit
 .text          0x0000000008000b34        0xc /usr/lib/gcc/arm-none-eabi/10.3.1/../../../arm-none-eabi/lib/thumb/v7e-m/nofp/libc_nano.a(lib_a-errno.o)
                0x0000000008000b34                __errno
 .text          0x0000000008000b40       0x28 /usr/lib/gcc/arm-none-eabi/10.3.1/../../../arm-none-eabi/lib/thumb/v7e-m/nofp/libc_nano.a(lib_a-exit.o)
                0x0000000008000b40                exit
 .text          0x0000000008000b68       0x2c /usr/lib/gcc/arm-none-eabi/10.3.1/../../../arm-none-eabi/lib/thumb/v7e-m/nofp/libc_nano.a(lib_a-fini.o)
                0x0000000008000b68                __libc_fini_array
 .text          0x0000000008000b94        0x0 /usr/lib/gcc/arm-none-eabi/10.3.1/../../../arm-none-eabi/lib/thumb/v7e-m/nofp/libc_nano.a(lib_a-impure.o)
 .text          0x0000000008000b94       0x48 /usr/lib/gcc/arm-none-eabi/10.3.1/../../../arm-none-eabi/lib/thumb/v7e-m/nofp/libc_nano.a(lib_a-init.o)
                0x0000000008000b94                __libc_init_array
 .text          0x0000000008000bdc       0xa4 /usr/lib/gcc/arm-none-eabi/10.3.1/../../../arm-none-eabi/lib/thumb/v7e-m/nofp/libc_nano.a(lib_a-memset.o)
                0x0000000008000bdc                memset
 .text          0x0000000008000c80       0xe4 /usr/lib/gcc/arm-none-eabi/10.3.1/../../../arm-none-eabi/lib/thumb/v7e-m/nofp/libc_nano.a(lib_a-puts.o)
                0x0000000008000c80                _puts_r
                0x0000000008000d54                puts
 .text          0x0000000008000d64       0xc8 /usr/lib/gcc/arm-none-eabi/10.3.1/../../../arm-none-eabi/lib/thumb/v7e-m/nofp/libc_nano.a(lib_a-wbuf.o)
                0x0000000008000d64                __swbuf_r
                0x0000000008000e14                __swbuf
 .text          0x0000000008000e2c      0x104 /usr/lib/gcc/arm-none-eabi/10.3.1/../../../arm-none-eabi/lib/thumb/v7e-m/nofp/libc_nano.a(lib_a-wsetup.o)
                0x0000000008000e2c                __swsetup_r
 .text          0x0000000008000f30       0xac /usr/lib/gcc/arm-none-eabi/10.3.1/../../../arm-none-eabi/lib/thumb/v7e-m/nofp/libc_nano.a(lib_a-__atexit.o)
                0x0000000008000f30                __register_exitproc
 .text          0x0000000008000fdc       0xc0 /usr/lib/gcc/arm-none-eabi/10.3.1/../../../arm-none-eabi/lib/thumb/v7e-m/nofp/libc_nano.a(lib_a-__call_atexit.o)
                0x0000000008000fdc                __call_exitprocs
 .text          0x000000000800109c      0x1d8 /usr/lib/gcc/arm-none-eabi/10.3.1/../../../arm-none-eabi/lib/thumb/v7e-m/nofp/libc_nano.a(lib_a-fflush.o)
                0x000000000800109c                __sflush_r
                0x00000000080011a0                _fflush_r
                0x00000000080011f4                fflush
 .text          0x0000000008001274      0x238 /usr/lib/gcc/arm-none-eabi/10.3.1/../../../arm-none-eabi/lib/thumb/v7e-m/nofp/libc_nano.a(lib_a-findfp.o)
                0x0000000008001278                _cleanup_r
                0x0000000008001288                __sfmoreglue
                0x00000000080012b8                __sfp
                0x0000000008001458                _cleanup
                0x000000000800146c                __sinit
                0x0000000008001474                __sfp_lock_acquire
                0x0000000008001478                __sfp_lock_release
                0x000000000800147c                __sinit_lock_acquire
                0x0000000008001480                __sinit_lock_release
                0x0000000008001484                __fp_lock_all
                0x0000000008001498                __fp_unlock_all
 .text          0x00000000080014ac       0x88 /usr/lib/gcc/arm-none-eabi/10.3.1/../../../arm-none-eabi/lib/thumb/v7e-m/nofp/libc_nano.a(lib_a-fwalk.o)
                0x00000000080014ac                _fwalk
                0x00000000080014ec                _fwalk_reent
 .text          0x0000000008001534      0x11c /usr/lib/gcc/arm-none-eabi/10.3.1/../../../arm-none-eabi/lib/thumb/v7e-m/nofp/libc_nano.a(lib_a-makebuf.o)
                0x0000000008001534                __smakebuf_r
                0x00000000080015f4                __swhatbuf_r
 .text          0x0000000008001650       0xbc /usr/lib/gcc/arm-none-eabi/10.3.1/../../../arm-none-eabi/lib/thumb/v7e-m/nofp/libc_nano.a(lib_a-nano-freer.o)
                0x0000000008001650                _free_r
 .text          0x000000000800170c       0xb4 /usr/lib/gcc/arm-none-eabi/10.3.1/../../../arm-none-eabi/lib/thumb/v7e-m/nofp/libc_nano.a(lib_a-nano-mallocr.o)
                0x000000000800170c                _malloc_r
 .text          0x00000000080017c0       0x24 /usr/lib/gcc/arm-none-eabi/10.3.1/../../../arm-none-eabi/lib/thumb/v7e-m/nofp/libc_nano.a(lib_a-sbrkr.o)
                0x00000000080017c0                _sbrk_r
 .text          0x00000000080017e4       0x90 /usr/lib/gcc/arm-none-eabi/10.3.1/../../../arm-none-eabi/lib/thumb/v7e-m/nofp/libc_nano.a(lib_a-stdio.o)
                0x00000000080017e4                __sread
                0x0000000008001808                __seofread
                0x000000000800180c                __swrite
                0x000000000800184c                __sseek
                0x000000000800186c                __sclose
 .text          0x0000000008001874       0x2c /usr/lib/gcc/arm-none-eabi/10.3.1/../../../arm-none-eabi/lib/thumb/v7e-m/nofp/libc_nano.a(lib_a-writer.o)
                0x0000000008001874                _write_r
 .text          0x00000000080018a0       0x24 /usr/lib/gcc/arm-none-eabi/10.3.1/../../../arm-none-eabi/lib/thumb/v7e-m/nofp/libc_nano.a(lib_a-closer.o)
                0x00000000080018a0                _close_r
 .text          0x00000000080018c4       0x2c /usr/lib/gcc/arm-none-eabi/10.3.1/../../../arm-none-eabi/lib/thumb/v7e-m/nofp/libc_nano.a(lib_a-fstatr.o)
                0x00000000080018c4                _fstat_r
 .text          0x00000000080018f0       0x24 /usr/lib/gcc/arm-none-eabi/10.3.1/../../../arm-none-eabi/lib/thumb/v7e-m/nofp/libc_nano.a(lib_a-isattyr.o)
                0x00000000080018f0                _isatty_r
 .text          0x0000000008001914       0x2c /usr/lib/gcc/arm-none-eabi/10.3.1/../../../arm-none-eabi/lib/thumb/v7e-m/nofp/libc_nano.a(lib_a-lseekr.o)
                0x0000000008001914                _lseek_r
 .text          0x0000000008001940        0x8 /usr/lib/gcc/arm-none-eabi/10.3.1/../../../arm-none-eabi/lib/thumb/v7e-m/nofp/libc_nano.a(lib_a-mlock.o)
                0x0000000008001940                __malloc_lock
                0x0000000008001944                __malloc_unlock
 .text          0x0000000008001948       0x2c /usr/lib/gcc/arm-none-eabi/10.3.1/../../../arm-none-eabi/lib/thumb/v7e-m/nofp/libc_nano.a(lib_a-readr.o)
                0x0000000008001948                _read_r
 .text          0x0000000008001974      0x114 /usr/lib/gcc/arm-none-eabi/10.3.1/../../../arm-none-eabi/lib/thumb/v7e-m/nofp/libc_nano.a(lib_a-reent.o)
                0x0000000008001974                cleanup_glue
                0x00000000080019bc                _reclaim_reent
 .text          0x0000000008001a88        0x0 /usr/lib/gcc/arm-none-eabi/10.3.1/thumb/v7e-m/nofp/crtend.o
 .text          0x0000000008001a88        0x0 /usr/lib/gcc/arm-none-eabi/10.3.1/thumb/v7e-m/nofp/crtn.o
 *(.text.*)
 *(.init)
 .init          0x0000000008001a88        0x4 /usr/lib/gcc/arm-none-eabi/10.3.1/thumb/v7e-m/nofp/crti.o
                0x0000000008001a88                _init
 .init          0x0000000008001a8c        0x8 /usr/lib/gcc/arm-none-eabi/10.3.1/thumb/v7e-m/nofp/crtn.o
 *(.fini)
 .fini          0x0000000008001a94        0x4 /usr/lib/gcc/arm-none-eabi/10.3.1/thumb/v7e-m/nofp/crti.o
                0x0000000008001a94                _fini
 .fini          0x0000000008001a98        0x8 /usr/lib/gcc/arm-none-eabi/10.3.1/thumb/v7e-m/nofp/crtn.o
 *(.rodata)
 .rodata        0x0000000008001aa0       0x24 /usr/lib/gcc/arm-none-eabi/10.3.1/thumb/v7e-m/nofp/crtbegin.o
 .rodata        0x0000000008001ac4        0xd Build/main.o
 *fill*         0x0000000008001ad1        0x3 
 .rodata        0x0000000008001ad4        0x4 /usr/lib/gcc/arm-none-eabi/10.3.1/../../../arm-none-eabi/lib/thumb/v7e-m/nofp/libc_nano.a(lib_a-impure.o)
                0x0000000008001ad4                _global_impure_ptr
 .rodata        0x0000000008001ad8       0x60 /usr/lib/gcc/arm-none-eabi/10.3.1/../../../arm-none-eabi/lib/thumb/v7e-m/nofp/libc_nano.a(lib_a-findfp.o)
                0x0000000008001ad8                __sf_fake_stderr
                0x0000000008001af8                __sf_fake_stdout
                0x0000000008001b18                __sf_fake_stdin
 .rodata        0x0000000008001b38       0x24 /usr/lib/gcc/arm-none-eabi/10.3.1/thumb/v7e-m/nofp/crtend.o
 *(.rodata.*)
                0x0000000008001b5c                . = ALIGN (0x4)
                0x0000000008001b5c                _etext = .
                0x0000000008001b68                _la_data = LOADADDR (.data)

.glue_7         0x0000000008001b5c        0x0
 .glue_7        0x0000000008001b5c        0x0 linker stubs

.glue_7t        0x0000000008001b5c        0x0
 .glue_7t       0x0000000008001b5c        0x0 linker stubs

.vfp11_veneer   0x0000000008001b5c        0x0
 .vfp11_veneer  0x0000000008001b5c        0x0 linker stubs

.v4_bx          0x0000000008001b5c        0x0
 .v4_bx         0x0000000008001b5c        0x0 linker stubs

.iplt           0x0000000008001b5c        0x0
 .iplt          0x0000000008001b5c        0x0 /usr/lib/gcc/arm-none-eabi/10.3.1/thumb/v7e-m/nofp/crtbegin.o

.eh_frame       0x0000000008001b5c        0x4
 .eh_frame      0x0000000008001b5c        0x0 /usr/lib/gcc/arm-none-eabi/10.3.1/thumb/v7e-m/nofp/crtbegin.o
 .eh_frame      0x0000000008001b5c        0x4 /usr/lib/gcc/arm-none-eabi/10.3.1/thumb/v7e-m/nofp/crtend.o

.ARM.extab      0x0000000008001b60        0x0
 .ARM.extab     0x0000000008001b60        0x0 /usr/lib/gcc/arm-none-eabi/10.3.1/../../../arm-none-eabi/lib/thumb/v7e-m/nofp/crt0.o

.ARM.exidx      0x0000000008001b60        0x8
 .ARM.exidx     0x0000000008001b60        0x8 /usr/lib/gcc/arm-none-eabi/10.3.1/../../../arm-none-eabi/lib/thumb/v7e-m/nofp/crt0.o
                                         0x10 (size before relaxing)

.rel.dyn        0x0000000008001b68        0x0
 .rel.iplt      0x0000000008001b68        0x0 /usr/lib/gcc/arm-none-eabi/10.3.1/thumb/v7e-m/nofp/crtbegin.o

.data           0x0000000020000000       0x70 load address 0x0000000008001b68
                0x0000000020000000                _sdata = .
 *(.data)
 .data          0x0000000020000000        0x0 /usr/lib/gcc/arm-none-eabi/10.3.1/thumb/v7e-m/nofp/crti.o
 .data          0x0000000020000000        0x4 /usr/lib/gcc/arm-none-eabi/10.3.1/thumb/v7e-m/nofp/crtbegin.o
                0x0000000020000000                __dso_handle
 .data          0x0000000020000004        0x0 /usr/lib/gcc/arm-none-eabi/10.3.1/../../../arm-none-eabi/lib/thumb/v7e-m/nofp/crt0.o
 .data          0x0000000020000004        0x0 Build/main.o
 .data          0x0000000020000004        0x0 Build/stm32_startup.o
 .data          0x0000000020000004        0x4 Build/syscalls.o
                0x0000000020000004                environ
 .data          0x0000000020000008        0x0 Build/driver_gpio.o
 .data          0x0000000020000008        0x0 Build/driver_uart.o
 .data          0x0000000020000008        0x0 /usr/lib/gcc/arm-none-eabi/10.3.1/../../../arm-none-eabi/lib/thumb/v7e-m/nofp/libc_nano.a(lib_a-atexit.o)
 .data          0x0000000020000008        0x0 /usr/lib/gcc/arm-none-eabi/10.3.1/../../../arm-none-eabi/lib/thumb/v7e-m/nofp/libc_nano.a(lib_a-errno.o)
 .data          0x0000000020000008        0x0 /usr/lib/gcc/arm-none-eabi/10.3.1/../../../arm-none-eabi/lib/thumb/v7e-m/nofp/libc_nano.a(lib_a-exit.o)
 .data          0x0000000020000008        0x0 /usr/lib/gcc/arm-none-eabi/10.3.1/../../../arm-none-eabi/lib/thumb/v7e-m/nofp/libc_nano.a(lib_a-fini.o)
 .data          0x0000000020000008       0x64 /usr/lib/gcc/arm-none-eabi/10.3.1/../../../arm-none-eabi/lib/thumb/v7e-m/nofp/libc_nano.a(lib_a-impure.o)
                0x0000000020000008                _impure_ptr
 .data          0x000000002000006c        0x0 /usr/lib/gcc/arm-none-eabi/10.3.1/../../../arm-none-eabi/lib/thumb/v7e-m/nofp/libc_nano.a(lib_a-init.o)
 .data          0x000000002000006c        0x0 /usr/lib/gcc/arm-none-eabi/10.3.1/../../../arm-none-eabi/lib/thumb/v7e-m/nofp/libc_nano.a(lib_a-memset.o)
 .data          0x000000002000006c        0x0 /usr/lib/gcc/arm-none-eabi/10.3.1/../../../arm-none-eabi/lib/thumb/v7e-m/nofp/libc_nano.a(lib_a-puts.o)
 .data          0x000000002000006c        0x0 /usr/lib/gcc/arm-none-eabi/10.3.1/../../../arm-none-eabi/lib/thumb/v7e-m/nofp/libc_nano.a(lib_a-wbuf.o)
 .data          0x000000002000006c        0x0 /usr/lib/gcc/arm-none-eabi/10.3.1/../../../arm-none-eabi/lib/thumb/v7e-m/nofp/libc_nano.a(lib_a-wsetup.o)
 .data          0x000000002000006c        0x4 /usr/lib/gcc/arm-none-eabi/10.3.1/../../../arm-none-eabi/lib/thumb/v7e-m/nofp/libc_nano.a(lib_a-__atexit.o)
                0x000000002000006c                __atexit_dummy
 .data          0x0000000020000070        0x0 /usr/lib/gcc/arm-none-eabi/10.3.1/../../../arm-none-eabi/lib/thumb/v7e-m/nofp/libc_nano.a(lib_a-__call_atexit.o)
 .data          0x0000000020000070        0x0 /usr/lib/gcc/arm-none-eabi/10.3.1/../../../arm-none-eabi/lib/thumb/v7e-m/nofp/libc_nano.a(lib_a-fflush.o)
 .data          0x0000000020000070        0x0 /usr/lib/gcc/arm-none-eabi/10.3.1/../../../arm-none-eabi/lib/thumb/v7e-m/nofp/libc_nano.a(lib_a-findfp.o)
 .data          0x0000000020000070        0x0 /usr/lib/gcc/arm-none-eabi/10.3.1/../../../arm-none-eabi/lib/thumb/v7e-m/nofp/libc_nano.a(lib_a-fwalk.o)
 .data          0x0000000020000070        0x0 /usr/lib/gcc/arm-none-eabi/10.3.1/../../../arm-none-eabi/lib/thumb/v7e-m/nofp/libc_nano.a(lib_a-makebuf.o)
 .data          0x0000000020000070        0x0 /usr/lib/gcc/arm-none-eabi/10.3.1/../../../arm-none-eabi/lib/thumb/v7e-m/nofp/libc_nano.a(lib_a-nano-freer.o)
 .data          0x0000000020000070        0x0 /usr/lib/gcc/arm-none-eabi/10.3.1/../../../arm-none-eabi/lib/thumb/v7e-m/nofp/libc_nano.a(lib_a-nano-mallocr.o)
 .data          0x0000000020000070        0x0 /usr/lib/gcc/arm-none-eabi/10.3.1/../../../arm-none-eabi/lib/thumb/v7e-m/nofp/libc_nano.a(lib_a-sbrkr.o)
 .data          0x0000000020000070        0x0 /usr/lib/gcc/arm-none-eabi/10.3.1/../../../arm-none-eabi/lib/thumb/v7e-m/nofp/libc_nano.a(lib_a-stdio.o)
 .data          0x0000000020000070        0x0 /usr/lib/gcc/arm-none-eabi/10.3.1/../../../arm-none-eabi/lib/thumb/v7e-m/nofp/libc_nano.a(lib_a-writer.o)
 .data          0x0000000020000070        0x0 /usr/lib/gcc/arm-none-eabi/10.3.1/../../../arm-none-eabi/lib/thumb/v7e-m/nofp/libc_nano.a(lib_a-closer.o)
 .data          0x0000000020000070        0x0 /usr/lib/gcc/arm-none-eabi/10.3.1/../../../arm-none-eabi/lib/thumb/v7e-m/nofp/libc_nano.a(lib_a-fstatr.o)
 .data          0x0000000020000070        0x0 /usr/lib/gcc/arm-none-eabi/10.3.1/../../../arm-none-eabi/lib/thumb/v7e-m/nofp/libc_nano.a(lib_a-isattyr.o)
 .data          0x0000000020000070        0x0 /usr/lib/gcc/arm-none-eabi/10.3.1/../../../arm-none-eabi/lib/thumb/v7e-m/nofp/libc_nano.a(lib_a-lseekr.o)
 .data          0x0000000020000070        0x0 /usr/lib/gcc/arm-none-eabi/10.3.1/../../../arm-none-eabi/lib/thumb/v7e-m/nofp/libc_nano.a(lib_a-mlock.o)
 .data          0x0000000020000070        0x0 /usr/lib/gcc/arm-none-eabi/10.3.1/../../../arm-none-eabi/lib/thumb/v7e-m/nofp/libc_nano.a(lib_a-readr.o)
 .data          0x0000000020000070        0x0 /usr/lib/gcc/arm-none-eabi/10.3.1/../../../arm-none-eabi/lib/thumb/v7e-m/nofp/libc_nano.a(lib_a-reent.o)
 .data          0x0000000020000070        0x0 /usr/lib/gcc/arm-none-eabi/10.3.1/thumb/v7e-m/nofp/crtend.o
 .data          0x0000000020000070        0x0 /usr/lib/gcc/arm-none-eabi/10.3.1/thumb/v7e-m/nofp/crtn.o
 *(.data.*)
                0x0000000020000070                . = ALIGN (0x4)
                0x0000000020000070                _edata = .

.init_array     0x0000000020000070        0x4 load address 0x0000000008001bd8
 .init_array    0x0000000020000070        0x4 /usr/lib/gcc/arm-none-eabi/10.3.1/thumb/v7e-m/nofp/crtbegin.o

.fini_array     0x0000000020000074        0x4 load address 0x0000000008001bdc
 .fini_array    0x0000000020000074        0x4 /usr/lib/gcc/arm-none-eabi/10.3.1/thumb/v7e-m/nofp/crtbegin.o

.tm_clone_table
                0x0000000020000078        0x0 load address 0x0000000008001be0
 .tm_clone_table
                0x0000000020000078        0x0 /usr/lib/gcc/arm-none-eabi/10.3.1/thumb/v7e-m/nofp/crtbegin.o
 .tm_clone_table
                0x0000000020000078        0x0 /usr/lib/gcc/arm-none-eabi/10.3.1/thumb/v7e-m/nofp/crtend.o

.igot.plt       0x0000000020000078        0x0 load address 0x0000000008001be0
 .igot.plt      0x0000000020000078        0x0 /usr/lib/gcc/arm-none-eabi/10.3.1/thumb/v7e-m/nofp/crtbegin.o

.bss            0x0000000020000078       0xc0 load address 0x0000000008001be0
                0x0000000020000078                _sbss = .
                0x0000000020000078                __bss_start__ = _sbss
 *(.bss)
 .bss           0x0000000020000078        0x0 /usr/lib/gcc/arm-none-eabi/10.3.1/thumb/v7e-m/nofp/crti.o
 .bss           0x0000000020000078       0x1c /usr/lib/gcc/arm-none-eabi/10.3.1/thumb/v7e-m/nofp/crtbegin.o
 .bss           0x0000000020000094        0x0 /usr/lib/gcc/arm-none-eabi/10.3.1/../../../arm-none-eabi/lib/thumb/v7e-m/nofp/crt0.o
 .bss           0x0000000020000094        0x0 Build/main.o
 .bss           0x0000000020000094        0x0 Build/stm32_startup.o
 .bss           0x0000000020000094        0x8 Build/syscalls.o
                0x0000000020000094                __env
 .bss           0x000000002000009c        0x0 Build/driver_gpio.o
 .bss           0x000000002000009c        0x0 Build/driver_uart.o
 .bss           0x000000002000009c        0x0 /usr/lib/gcc/arm-none-eabi/10.3.1/../../../arm-none-eabi/lib/thumb/v7e-m/nofp/libc_nano.a(lib_a-atexit.o)
 .bss           0x000000002000009c        0x0 /usr/lib/gcc/arm-none-eabi/10.3.1/../../../arm-none-eabi/lib/thumb/v7e-m/nofp/libc_nano.a(lib_a-errno.o)
 .bss           0x000000002000009c        0x0 /usr/lib/gcc/arm-none-eabi/10.3.1/../../../arm-none-eabi/lib/thumb/v7e-m/nofp/libc_nano.a(lib_a-exit.o)
 .bss           0x000000002000009c        0x0 /usr/lib/gcc/arm-none-eabi/10.3.1/../../../arm-none-eabi/lib/thumb/v7e-m/nofp/libc_nano.a(lib_a-fini.o)
 .bss           0x000000002000009c        0x0 /usr/lib/gcc/arm-none-eabi/10.3.1/../../../arm-none-eabi/lib/thumb/v7e-m/nofp/libc_nano.a(lib_a-impure.o)
 .bss           0x000000002000009c        0x0 /usr/lib/gcc/arm-none-eabi/10.3.1/../../../arm-none-eabi/lib/thumb/v7e-m/nofp/libc_nano.a(lib_a-init.o)
 .bss           0x000000002000009c        0x0 /usr/lib/gcc/arm-none-eabi/10.3.1/../../../arm-none-eabi/lib/thumb/v7e-m/nofp/libc_nano.a(lib_a-memset.o)
 .bss           0x000000002000009c        0x0 /usr/lib/gcc/arm-none-eabi/10.3.1/../../../arm-none-eabi/lib/thumb/v7e-m/nofp/libc_nano.a(lib_a-puts.o)
 .bss           0x000000002000009c        0x0 /usr/lib/gcc/arm-none-eabi/10.3.1/../../../arm-none-eabi/lib/thumb/v7e-m/nofp/libc_nano.a(lib_a-wbuf.o)
 .bss           0x000000002000009c        0x0 /usr/lib/gcc/arm-none-eabi/10.3.1/../../../arm-none-eabi/lib/thumb/v7e-m/nofp/libc_nano.a(lib_a-wsetup.o)
 .bss           0x000000002000009c       0x8c /usr/lib/gcc/arm-none-eabi/10.3.1/../../../arm-none-eabi/lib/thumb/v7e-m/nofp/libc_nano.a(lib_a-__atexit.o)
 .bss           0x0000000020000128        0x4 /usr/lib/gcc/arm-none-eabi/10.3.1/../../../arm-none-eabi/lib/thumb/v7e-m/nofp/libc_nano.a(lib_a-__call_atexit.o)
                0x0000000020000128                _global_atexit
 .bss           0x000000002000012c        0x0 /usr/lib/gcc/arm-none-eabi/10.3.1/../../../arm-none-eabi/lib/thumb/v7e-m/nofp/libc_nano.a(lib_a-fflush.o)
 .bss           0x000000002000012c        0x0 /usr/lib/gcc/arm-none-eabi/10.3.1/../../../arm-none-eabi/lib/thumb/v7e-m/nofp/libc_nano.a(lib_a-findfp.o)
 .bss           0x000000002000012c        0x0 /usr/lib/gcc/arm-none-eabi/10.3.1/../../../arm-none-eabi/lib/thumb/v7e-m/nofp/libc_nano.a(lib_a-fwalk.o)
 .bss           0x000000002000012c        0x0 /usr/lib/gcc/arm-none-eabi/10.3.1/../../../arm-none-eabi/lib/thumb/v7e-m/nofp/libc_nano.a(lib_a-makebuf.o)
 .bss           0x000000002000012c        0x0 /usr/lib/gcc/arm-none-eabi/10.3.1/../../../arm-none-eabi/lib/thumb/v7e-m/nofp/libc_nano.a(lib_a-nano-freer.o)
 .bss           0x000000002000012c        0x8 /usr/lib/gcc/arm-none-eabi/10.3.1/../../../arm-none-eabi/lib/thumb/v7e-m/nofp/libc_nano.a(lib_a-nano-mallocr.o)
                0x000000002000012c                __malloc_free_list
                0x0000000020000130                __malloc_sbrk_start
 .bss           0x0000000020000134        0x0 /usr/lib/gcc/arm-none-eabi/10.3.1/../../../arm-none-eabi/lib/thumb/v7e-m/nofp/libc_nano.a(lib_a-sbrkr.o)
 .bss           0x0000000020000134        0x0 /usr/lib/gcc/arm-none-eabi/10.3.1/../../../arm-none-eabi/lib/thumb/v7e-m/nofp/libc_nano.a(lib_a-stdio.o)
 .bss           0x0000000020000134        0x0 /usr/lib/gcc/arm-none-eabi/10.3.1/../../../arm-none-eabi/lib/thumb/v7e-m/nofp/libc_nano.a(lib_a-writer.o)
 .bss           0x0000000020000134        0x0 /usr/lib/gcc/arm-none-eabi/10.3.1/../../../arm-none-eabi/lib/thumb/v7e-m/nofp/libc_nano.a(lib_a-closer.o)
 .bss           0x0000000020000134        0x0 /usr/lib/gcc/arm-none-eabi/10.3.1/../../../arm-none-eabi/lib/thumb/v7e-m/nofp/libc_nano.a(lib_a-fstatr.o)
 .bss           0x0000000020000134        0x0 /usr/lib/gcc/arm-none-eabi/10.3.1/../../../arm-none-eabi/lib/thumb/v7e-m/nofp/libc_nano.a(lib_a-isattyr.o)
 .bss           0x0000000020000134        0x0 /usr/lib/gcc/arm-none-eabi/10.3.1/../../../arm-none-eabi/lib/thumb/v7e-m/nofp/libc_nano.a(lib_a-lseekr.o)
 .bss           0x0000000020000134        0x0 /usr/lib/gcc/arm-none-eabi/10.3.1/../../../arm-none-eabi/lib/thumb/v7e-m/nofp/libc_nano.a(lib_a-mlock.o)
 .bss           0x0000000020000134        0x0 /usr/lib/gcc/arm-none-eabi/10.3.1/../../../arm-none-eabi/lib/thumb/v7e-m/nofp/libc_nano.a(lib_a-readr.o)
 .bss           0x0000000020000134        0x4 /usr/lib/gcc/arm-none-eabi/10.3.1/../../../arm-none-eabi/lib/thumb/v7e-m/nofp/libc_nano.a(lib_a-reent.o)
                0x0000000020000134                errno
 .bss           0x0000000020000138        0x0 /usr/lib/gcc/arm-none-eabi/10.3.1/thumb/v7e-m/nofp/crtend.o
 .bss           0x0000000020000138        0x0 /usr/lib/gcc/arm-none-eabi/10.3.1/thumb/v7e-m/nofp/crtn.o
 *(.bss.*)
 *(COMMON)
                0x0000000020000138                . = ALIGN (0x4)
                0x0000000020000138                _ebss = .
                0x0000000020000138                __bss_end__ = _ebss
                0x0000000020000138                . = ALIGN (0x4)
                0x0000000020000138                end = .
OUTPUT(Build/final.elf elf32-littlearm)
LOAD linker stubs

.ARM.attributes
                0x0000000000000000       0x2a
 .ARM.attributes
                0x0000000000000000       0x1e /usr/lib/gcc/arm-none-eabi/10.3.1/thumb/v7e-m/nofp/crti.o
 .ARM.attributes
                0x000000000000001e       0x2e /usr/lib/gcc/arm-none-eabi/10.3.1/thumb/v7e-m/nofp/crtbegin.o
 .ARM.attributes
                0x000000000000004c       0x1c /usr/lib/gcc/arm-none-eabi/10.3.1/../../../arm-none-eabi/lib/thumb/v7e-m/nofp/crt0.o
 .ARM.attributes
                0x0000000000000068       0x2e Build/main.o
 .ARM.attributes
                0x0000000000000096       0x2e Build/stm32_startup.o
 .ARM.attributes
                0x00000000000000c4       0x2e Build/syscalls.o
 .ARM.attributes
                0x00000000000000f2       0x2e Build/driver_gpio.o
 .ARM.attributes
                0x0000000000000120       0x2e Build/driver_uart.o
 .ARM.attributes
                0x000000000000014e       0x2e /usr/lib/gcc/arm-none-eabi/10.3.1/../../../arm-none-eabi/lib/thumb/v7e-m/nofp/libc_nano.a(lib_a-atexit.o)
 .ARM.attributes
                0x000000000000017c       0x2e /usr/lib/gcc/arm-none-eabi/10.3.1/../../../arm-none-eabi/lib/thumb/v7e-m/nofp/libc_nano.a(lib_a-errno.o)
 .ARM.attributes
                0x00000000000001aa       0x2e /usr/lib/gcc/arm-none-eabi/10.3.1/../../../arm-none-eabi/lib/thumb/v7e-m/nofp/libc_nano.a(lib_a-exit.o)
 .ARM.attributes
                0x00000000000001d8       0x2e /usr/lib/gcc/arm-none-eabi/10.3.1/../../../arm-none-eabi/lib/thumb/v7e-m/nofp/libc_nano.a(lib_a-fini.o)
 .ARM.attributes
                0x0000000000000206       0x2e /usr/lib/gcc/arm-none-eabi/10.3.1/../../../arm-none-eabi/lib/thumb/v7e-m/nofp/libc_nano.a(lib_a-impure.o)
 .ARM.attributes
                0x0000000000000234       0x2e /usr/lib/gcc/arm-none-eabi/10.3.1/../../../arm-none-eabi/lib/thumb/v7e-m/nofp/libc_nano.a(lib_a-init.o)
 .ARM.attributes
                0x0000000000000262       0x2e /usr/lib/gcc/arm-none-eabi/10.3.1/../../../arm-none-eabi/lib/thumb/v7e-m/nofp/libc_nano.a(lib_a-memset.o)
 .ARM.attributes
                0x0000000000000290       0x2e /usr/lib/gcc/arm-none-eabi/10.3.1/../../../arm-none-eabi/lib/thumb/v7e-m/nofp/libc_nano.a(lib_a-puts.o)
 .ARM.attributes
                0x00000000000002be       0x2e /usr/lib/gcc/arm-none-eabi/10.3.1/../../../arm-none-eabi/lib/thumb/v7e-m/nofp/libc_nano.a(lib_a-wbuf.o)
 .ARM.attributes
                0x00000000000002ec       0x2e /usr/lib/gcc/arm-none-eabi/10.3.1/../../../arm-none-eabi/lib/thumb/v7e-m/nofp/libc_nano.a(lib_a-wsetup.o)
 .ARM.attributes
                0x000000000000031a       0x2e /usr/lib/gcc/arm-none-eabi/10.3.1/../../../arm-none-eabi/lib/thumb/v7e-m/nofp/libc_nano.a(lib_a-__atexit.o)
 .ARM.attributes
                0x0000000000000348       0x2e /usr/lib/gcc/arm-none-eabi/10.3.1/../../../arm-none-eabi/lib/thumb/v7e-m/nofp/libc_nano.a(lib_a-__call_atexit.o)
 .ARM.attributes
                0x0000000000000376       0x2e /usr/lib/gcc/arm-none-eabi/10.3.1/../../../arm-none-eabi/lib/thumb/v7e-m/nofp/libc_nano.a(lib_a-fflush.o)
 .ARM.attributes
                0x00000000000003a4       0x2e /usr/lib/gcc/arm-none-eabi/10.3.1/../../../arm-none-eabi/lib/thumb/v7e-m/nofp/libc_nano.a(lib_a-findfp.o)
 .ARM.attributes
                0x00000000000003d2       0x2e /usr/lib/gcc/arm-none-eabi/10.3.1/../../../arm-none-eabi/lib/thumb/v7e-m/nofp/libc_nano.a(lib_a-fwalk.o)
 .ARM.attributes
                0x0000000000000400       0x2e /usr/lib/gcc/arm-none-eabi/10.3.1/../../../arm-none-eabi/lib/thumb/v7e-m/nofp/libc_nano.a(lib_a-makebuf.o)
 .ARM.attributes
                0x000000000000042e       0x2e /usr/lib/gcc/arm-none-eabi/10.3.1/../../../arm-none-eabi/lib/thumb/v7e-m/nofp/libc_nano.a(lib_a-nano-freer.o)
 .ARM.attributes
                0x000000000000045c       0x2e /usr/lib/gcc/arm-none-eabi/10.3.1/../../../arm-none-eabi/lib/thumb/v7e-m/nofp/libc_nano.a(lib_a-nano-mallocr.o)
 .ARM.attributes
                0x000000000000048a       0x2e /usr/lib/gcc/arm-none-eabi/10.3.1/../../../arm-none-eabi/lib/thumb/v7e-m/nofp/libc_nano.a(lib_a-sbrkr.o)
 .ARM.attributes
                0x00000000000004b8       0x2e /usr/lib/gcc/arm-none-eabi/10.3.1/../../../arm-none-eabi/lib/thumb/v7e-m/nofp/libc_nano.a(lib_a-stdio.o)
 .ARM.attributes
                0x00000000000004e6       0x2e /usr/lib/gcc/arm-none-eabi/10.3.1/../../../arm-none-eabi/lib/thumb/v7e-m/nofp/libc_nano.a(lib_a-writer.o)
 .ARM.attributes
                0x0000000000000514       0x2e /usr/lib/gcc/arm-none-eabi/10.3.1/../../../arm-none-eabi/lib/thumb/v7e-m/nofp/libc_nano.a(lib_a-closer.o)
 .ARM.attributes
                0x0000000000000542       0x2e /usr/lib/gcc/arm-none-eabi/10.3.1/../../../arm-none-eabi/lib/thumb/v7e-m/nofp/libc_nano.a(lib_a-fstatr.o)
 .ARM.attributes
                0x0000000000000570       0x2e /usr/lib/gcc/arm-none-eabi/10.3.1/../../../arm-none-eabi/lib/thumb/v7e-m/nofp/libc_nano.a(lib_a-isattyr.o)
 .ARM.attributes
                0x000000000000059e       0x2e /usr/lib/gcc/arm-none-eabi/10.3.1/../../../arm-none-eabi/lib/thumb/v7e-m/nofp/libc_nano.a(lib_a-lseekr.o)
 .ARM.attributes
                0x00000000000005cc       0x2e /usr/lib/gcc/arm-none-eabi/10.3.1/../../../arm-none-eabi/lib/thumb/v7e-m/nofp/libc_nano.a(lib_a-mlock.o)
 .ARM.attributes
                0x00000000000005fa       0x2e /usr/lib/gcc/arm-none-eabi/10.3.1/../../../arm-none-eabi/lib/thumb/v7e-m/nofp/libc_nano.a(lib_a-readr.o)
 .ARM.attributes
                0x0000000000000628       0x2e /usr/lib/gcc/arm-none-eabi/10.3.1/../../../arm-none-eabi/lib/thumb/v7e-m/nofp/libc_nano.a(lib_a-reent.o)
 .ARM.attributes
                0x0000000000000656       0x2e /usr/lib/gcc/arm-none-eabi/10.3.1/thumb/v7e-m/nofp/crtend.o
 .ARM.attributes
                0x0000000000000684       0x1e /usr/lib/gcc/arm-none-eabi/10.3.1/thumb/v7e-m/nofp/crtn.o

.comment        0x0000000000000000       0x33
 .comment       0x0000000000000000       0x33 /usr/lib/gcc/arm-none-eabi/10.3.1/thumb/v7e-m/nofp/crtbegin.o
                                         0x34 (size before relaxing)
 .comment       0x0000000000000033       0x34 Build/main.o
 .comment       0x0000000000000033       0x34 Build/stm32_startup.o
 .comment       0x0000000000000033       0x34 Build/syscalls.o
 .comment       0x0000000000000033       0x34 Build/driver_gpio.o
 .comment       0x0000000000000033       0x34 Build/driver_uart.o
 .comment       0x0000000000000033       0x34 /usr/lib/gcc/arm-none-eabi/10.3.1/../../../arm-none-eabi/lib/thumb/v7e-m/nofp/libc_nano.a(lib_a-atexit.o)
 .comment       0x0000000000000033       0x34 /usr/lib/gcc/arm-none-eabi/10.3.1/../../../arm-none-eabi/lib/thumb/v7e-m/nofp/libc_nano.a(lib_a-errno.o)
 .comment       0x0000000000000033       0x34 /usr/lib/gcc/arm-none-eabi/10.3.1/../../../arm-none-eabi/lib/thumb/v7e-m/nofp/libc_nano.a(lib_a-exit.o)
 .comment       0x0000000000000033       0x34 /usr/lib/gcc/arm-none-eabi/10.3.1/../../../arm-none-eabi/lib/thumb/v7e-m/nofp/libc_nano.a(lib_a-fini.o)
 .comment       0x0000000000000033       0x34 /usr/lib/gcc/arm-none-eabi/10.3.1/../../../arm-none-eabi/lib/thumb/v7e-m/nofp/libc_nano.a(lib_a-impure.o)
 .comment       0x0000000000000033       0x34 /usr/lib/gcc/arm-none-eabi/10.3.1/../../../arm-none-eabi/lib/thumb/v7e-m/nofp/libc_nano.a(lib_a-init.o)
 .comment       0x0000000000000033       0x34 /usr/lib/gcc/arm-none-eabi/10.3.1/../../../arm-none-eabi/lib/thumb/v7e-m/nofp/libc_nano.a(lib_a-memset.o)
 .comment       0x0000000000000033       0x34 /usr/lib/gcc/arm-none-eabi/10.3.1/../../../arm-none-eabi/lib/thumb/v7e-m/nofp/libc_nano.a(lib_a-puts.o)
 .comment       0x0000000000000033       0x34 /usr/lib/gcc/arm-none-eabi/10.3.1/../../../arm-none-eabi/lib/thumb/v7e-m/nofp/libc_nano.a(lib_a-wbuf.o)
 .comment       0x0000000000000033       0x34 /usr/lib/gcc/arm-none-eabi/10.3.1/../../../arm-none-eabi/lib/thumb/v7e-m/nofp/libc_nano.a(lib_a-wsetup.o)
 .comment       0x0000000000000033       0x34 /usr/lib/gcc/arm-none-eabi/10.3.1/../../../arm-none-eabi/lib/thumb/v7e-m/nofp/libc_nano.a(lib_a-__atexit.o)
 .comment       0x0000000000000033       0x34 /usr/lib/gcc/arm-none-eabi/10.3.1/../../../arm-none-eabi/lib/thumb/v7e-m/nofp/libc_nano.a(lib_a-__call_atexit.o)
 .comment       0x0000000000000033       0x34 /usr/lib/gcc/arm-none-eabi/10.3.1/../../../arm-none-eabi/lib/thumb/v7e-m/nofp/libc_nano.a(lib_a-fflush.o)
 .comment       0x0000000000000033       0x34 /usr/lib/gcc/arm-none-eabi/10.3.1/../../../arm-none-eabi/lib/thumb/v7e-m/nofp/libc_nano.a(lib_a-findfp.o)
 .comment       0x0000000000000033       0x34 /usr/lib/gcc/arm-none-eabi/10.3.1/../../../arm-none-eabi/lib/thumb/v7e-m/nofp/libc_nano.a(lib_a-fwalk.o)
 .comment       0x0000000000000033       0x34 /usr/lib/gcc/arm-none-eabi/10.3.1/../../../arm-none-eabi/lib/thumb/v7e-m/nofp/libc_nano.a(lib_a-makebuf.o)
 .comment       0x0000000000000033       0x34 /usr/lib/gcc/arm-none-eabi/10.3.1/../../../arm-none-eabi/lib/thumb/v7e-m/nofp/libc_nano.a(lib_a-nano-freer.o)
 .comment       0x0000000000000033       0x34 /usr/lib/gcc/arm-none-eabi/10.3.1/../../../arm-none-eabi/lib/thumb/v7e-m/nofp/libc_nano.a(lib_a-nano-mallocr.o)
 .comment       0x0000000000000033       0x34 /usr/lib/gcc/arm-none-eabi/10.3.1/../../../arm-none-eabi/lib/thumb/v7e-m/nofp/libc_nano.a(lib_a-sbrkr.o)
 .comment       0x0000000000000033       0x34 /usr/lib/gcc/arm-none-eabi/10.3.1/../../../arm-none-eabi/lib/thumb/v7e-m/nofp/libc_nano.a(lib_a-stdio.o)
 .comment       0x0000000000000033       0x34 /usr/lib/gcc/arm-none-eabi/10.3.1/../../../arm-none-eabi/lib/thumb/v7e-m/nofp/libc_nano.a(lib_a-writer.o)
 .comment       0x0000000000000033       0x34 /usr/lib/gcc/arm-none-eabi/10.3.1/../../../arm-none-eabi/lib/thumb/v7e-m/nofp/libc_nano.a(lib_a-closer.o)
 .comment       0x0000000000000033       0x34 /usr/lib/gcc/arm-none-eabi/10.3.1/../../../arm-none-eabi/lib/thumb/v7e-m/nofp/libc_nano.a(lib_a-fstatr.o)
 .comment       0x0000000000000033       0x34 /usr/lib/gcc/arm-none-eabi/10.3.1/../../../arm-none-eabi/lib/thumb/v7e-m/nofp/libc_nano.a(lib_a-isattyr.o)
 .comment       0x0000000000000033       0x34 /usr/lib/gcc/arm-none-eabi/10.3.1/../../../arm-none-eabi/lib/thumb/v7e-m/nofp/libc_nano.a(lib_a-lseekr.o)
 .comment       0x0000000000000033       0x34 /usr/lib/gcc/arm-none-eabi/10.3.1/../../../arm-none-eabi/lib/thumb/v7e-m/nofp/libc_nano.a(lib_a-mlock.o)
 .comment       0x0000000000000033       0x34 /usr/lib/gcc/arm-none-eabi/10.3.1/../../../arm-none-eabi/lib/thumb/v7e-m/nofp/libc_nano.a(lib_a-readr.o)
 .comment       0x0000000000000033       0x34 /usr/lib/gcc/arm-none-eabi/10.3.1/../../../arm-none-eabi/lib/thumb/v7e-m/nofp/libc_nano.a(lib_a-reent.o)
 .comment       0x0000000000000033       0x34 /usr/lib/gcc/arm-none-eabi/10.3.1/thumb/v7e-m/nofp/crtend.o

.debug_line     0x0000000000000000     0x3c7c
 .debug_line    0x0000000000000000       0x87 /usr/lib/gcc/arm-none-eabi/10.3.1/../../../arm-none-eabi/lib/thumb/v7e-m/nofp/crt0.o
 .debug_line    0x0000000000000087       0xc0 /usr/lib/gcc/arm-none-eabi/10.3.1/../../../arm-none-eabi/lib/thumb/v7e-m/nofp/libc_nano.a(lib_a-atexit.o)
 .debug_line    0x0000000000000147      0x109 /usr/lib/gcc/arm-none-eabi/10.3.1/../../../arm-none-eabi/lib/thumb/v7e-m/nofp/libc_nano.a(lib_a-errno.o)
 .debug_line    0x0000000000000250      0x16d /usr/lib/gcc/arm-none-eabi/10.3.1/../../../arm-none-eabi/lib/thumb/v7e-m/nofp/libc_nano.a(lib_a-exit.o)
 .debug_line    0x00000000000003bd       0xed /usr/lib/gcc/arm-none-eabi/10.3.1/../../../arm-none-eabi/lib/thumb/v7e-m/nofp/libc_nano.a(lib_a-fini.o)
 .debug_line    0x00000000000004aa       0xe4 /usr/lib/gcc/arm-none-eabi/10.3.1/../../../arm-none-eabi/lib/thumb/v7e-m/nofp/libc_nano.a(lib_a-impure.o)
 .debug_line    0x000000000000058e      0x138 /usr/lib/gcc/arm-none-eabi/10.3.1/../../../arm-none-eabi/lib/thumb/v7e-m/nofp/libc_nano.a(lib_a-init.o)
 .debug_line    0x00000000000006c6      0x1bf /usr/lib/gcc/arm-none-eabi/10.3.1/../../../arm-none-eabi/lib/thumb/v7e-m/nofp/libc_nano.a(lib_a-memset.o)
 .debug_line    0x0000000000000885      0x31f /usr/lib/gcc/arm-none-eabi/10.3.1/../../../arm-none-eabi/lib/thumb/v7e-m/nofp/libc_nano.a(lib_a-puts.o)
 .debug_line    0x0000000000000ba4      0x279 /usr/lib/gcc/arm-none-eabi/10.3.1/../../../arm-none-eabi/lib/thumb/v7e-m/nofp/libc_nano.a(lib_a-wbuf.o)
 .debug_line    0x0000000000000e1d      0x33e /usr/lib/gcc/arm-none-eabi/10.3.1/../../../arm-none-eabi/lib/thumb/v7e-m/nofp/libc_nano.a(lib_a-wsetup.o)
 .debug_line    0x000000000000115b      0x1ec /usr/lib/gcc/arm-none-eabi/10.3.1/../../../arm-none-eabi/lib/thumb/v7e-m/nofp/libc_nano.a(lib_a-__atexit.o)
 .debug_line    0x0000000000001347      0x1f5 /usr/lib/gcc/arm-none-eabi/10.3.1/../../../arm-none-eabi/lib/thumb/v7e-m/nofp/libc_nano.a(lib_a-__call_atexit.o)
 .debug_line    0x000000000000153c      0x47a /usr/lib/gcc/arm-none-eabi/10.3.1/../../../arm-none-eabi/lib/thumb/v7e-m/nofp/libc_nano.a(lib_a-fflush.o)
 .debug_line    0x00000000000019b6      0x589 /usr/lib/gcc/arm-none-eabi/10.3.1/../../../arm-none-eabi/lib/thumb/v7e-m/nofp/libc_nano.a(lib_a-findfp.o)
 .debug_line    0x0000000000001f3f      0x29e /usr/lib/gcc/arm-none-eabi/10.3.1/../../../arm-none-eabi/lib/thumb/v7e-m/nofp/libc_nano.a(lib_a-fwalk.o)
 .debug_line    0x00000000000021dd      0x3b2 /usr/lib/gcc/arm-none-eabi/10.3.1/../../../arm-none-eabi/lib/thumb/v7e-m/nofp/libc_nano.a(lib_a-makebuf.o)
 .debug_line    0x000000000000258f      0x2c0 /usr/lib/gcc/arm-none-eabi/10.3.1/../../../arm-none-eabi/lib/thumb/v7e-m/nofp/libc_nano.a(lib_a-nano-freer.o)
 .debug_line    0x000000000000284f      0x2d0 /usr/lib/gcc/arm-none-eabi/10.3.1/../../../arm-none-eabi/lib/thumb/v7e-m/nofp/libc_nano.a(lib_a-nano-mallocr.o)
 .debug_line    0x0000000000002b1f      0x183 /usr/lib/gcc/arm-none-eabi/10.3.1/../../../arm-none-eabi/lib/thumb/v7e-m/nofp/libc_nano.a(lib_a-sbrkr.o)
 .debug_line    0x0000000000002ca2      0x231 /usr/lib/gcc/arm-none-eabi/10.3.1/../../../arm-none-eabi/lib/thumb/v7e-m/nofp/libc_nano.a(lib_a-stdio.o)
 .debug_line    0x0000000000002ed3      0x189 /usr/lib/gcc/arm-none-eabi/10.3.1/../../../arm-none-eabi/lib/thumb/v7e-m/nofp/libc_nano.a(lib_a-writer.o)
 .debug_line    0x000000000000305c      0x183 /usr/lib/gcc/arm-none-eabi/10.3.1/../../../arm-none-eabi/lib/thumb/v7e-m/nofp/libc_nano.a(lib_a-closer.o)
 .debug_line    0x00000000000031df      0x203 /usr/lib/gcc/arm-none-eabi/10.3.1/../../../arm-none-eabi/lib/thumb/v7e-m/nofp/libc_nano.a(lib_a-fstatr.o)
 .debug_line    0x00000000000033e2      0x184 /usr/lib/gcc/arm-none-eabi/10.3.1/../../../arm-none-eabi/lib/thumb/v7e-m/nofp/libc_nano.a(lib_a-isattyr.o)
 .debug_line    0x0000000000003566      0x189 /usr/lib/gcc/arm-none-eabi/10.3.1/../../../arm-none-eabi/lib/thumb/v7e-m/nofp/libc_nano.a(lib_a-lseekr.o)
 .debug_line    0x00000000000036ef      0x13e /usr/lib/gcc/arm-none-eabi/10.3.1/../../../arm-none-eabi/lib/thumb/v7e-m/nofp/libc_nano.a(lib_a-mlock.o)
 .debug_line    0x000000000000382d      0x188 /usr/lib/gcc/arm-none-eabi/10.3.1/../../../arm-none-eabi/lib/thumb/v7e-m/nofp/libc_nano.a(lib_a-readr.o)
 .debug_line    0x00000000000039b5      0x2c7 /usr/lib/gcc/arm-none-eabi/10.3.1/../../../arm-none-eabi/lib/thumb/v7e-m/nofp/libc_nano.a(lib_a-reent.o)

.debug_info     0x0000000000000000     0xd9f7
 .debug_info    0x0000000000000000       0x26 /usr/lib/gcc/arm-none-eabi/10.3.1/../../../arm-none-eabi/lib/thumb/v7e-m/nofp/crt0.o
 .debug_info    0x0000000000000026      0x100 /usr/lib/gcc/arm-none-eabi/10.3.1/../../../arm-none-eabi/lib/thumb/v7e-m/nofp/libc_nano.a(lib_a-atexit.o)
 .debug_info    0x0000000000000126      0x7ae /usr/lib/gcc/arm-none-eabi/10.3.1/../../../arm-none-eabi/lib/thumb/v7e-m/nofp/libc_nano.a(lib_a-errno.o)
 .debug_info    0x00000000000008d4      0x81a /usr/lib/gcc/arm-none-eabi/10.3.1/../../../arm-none-eabi/lib/thumb/v7e-m/nofp/libc_nano.a(lib_a-exit.o)
 .debug_info    0x00000000000010ee      0x102 /usr/lib/gcc/arm-none-eabi/10.3.1/../../../arm-none-eabi/lib/thumb/v7e-m/nofp/libc_nano.a(lib_a-fini.o)
 .debug_info    0x00000000000011f0      0x863 /usr/lib/gcc/arm-none-eabi/10.3.1/../../../arm-none-eabi/lib/thumb/v7e-m/nofp/libc_nano.a(lib_a-impure.o)
 .debug_info    0x0000000000001a53      0x11a /usr/lib/gcc/arm-none-eabi/10.3.1/../../../arm-none-eabi/lib/thumb/v7e-m/nofp/libc_nano.a(lib_a-init.o)
 .debug_info    0x0000000000001b6d      0x137 /usr/lib/gcc/arm-none-eabi/10.3.1/../../../arm-none-eabi/lib/thumb/v7e-m/nofp/libc_nano.a(lib_a-memset.o)
 .debug_info    0x0000000000001ca4      0xa41 /usr/lib/gcc/arm-none-eabi/10.3.1/../../../arm-none-eabi/lib/thumb/v7e-m/nofp/libc_nano.a(lib_a-puts.o)
 .debug_info    0x00000000000026e5      0x998 /usr/lib/gcc/arm-none-eabi/10.3.1/../../../arm-none-eabi/lib/thumb/v7e-m/nofp/libc_nano.a(lib_a-wbuf.o)
 .debug_info    0x000000000000307d      0x902 /usr/lib/gcc/arm-none-eabi/10.3.1/../../../arm-none-eabi/lib/thumb/v7e-m/nofp/libc_nano.a(lib_a-wsetup.o)
 .debug_info    0x000000000000397f      0x269 /usr/lib/gcc/arm-none-eabi/10.3.1/../../../arm-none-eabi/lib/thumb/v7e-m/nofp/libc_nano.a(lib_a-__atexit.o)
 .debug_info    0x0000000000003be8      0x249 /usr/lib/gcc/arm-none-eabi/10.3.1/../../../arm-none-eabi/lib/thumb/v7e-m/nofp/libc_nano.a(lib_a-__call_atexit.o)
 .debug_info    0x0000000000003e31      0xb0a /usr/lib/gcc/arm-none-eabi/10.3.1/../../../arm-none-eabi/lib/thumb/v7e-m/nofp/libc_nano.a(lib_a-fflush.o)
 .debug_info    0x000000000000493b      0xfae /usr/lib/gcc/arm-none-eabi/10.3.1/../../../arm-none-eabi/lib/thumb/v7e-m/nofp/libc_nano.a(lib_a-findfp.o)
 .debug_info    0x00000000000058e9      0x900 /usr/lib/gcc/arm-none-eabi/10.3.1/../../../arm-none-eabi/lib/thumb/v7e-m/nofp/libc_nano.a(lib_a-fwalk.o)
 .debug_info    0x00000000000061e9      0xc8a /usr/lib/gcc/arm-none-eabi/10.3.1/../../../arm-none-eabi/lib/thumb/v7e-m/nofp/libc_nano.a(lib_a-makebuf.o)
 .debug_info    0x0000000000006e73      0x92b /usr/lib/gcc/arm-none-eabi/10.3.1/../../../arm-none-eabi/lib/thumb/v7e-m/nofp/libc_nano.a(lib_a-nano-freer.o)
 .debug_info    0x000000000000779e      0xa0c /usr/lib/gcc/arm-none-eabi/10.3.1/../../../arm-none-eabi/lib/thumb/v7e-m/nofp/libc_nano.a(lib_a-nano-mallocr.o)
 .debug_info    0x00000000000081aa      0x828 /usr/lib/gcc/arm-none-eabi/10.3.1/../../../arm-none-eabi/lib/thumb/v7e-m/nofp/libc_nano.a(lib_a-sbrkr.o)
 .debug_info    0x00000000000089d2      0xabc /usr/lib/gcc/arm-none-eabi/10.3.1/../../../arm-none-eabi/lib/thumb/v7e-m/nofp/libc_nano.a(lib_a-stdio.o)
 .debug_info    0x000000000000948e      0x85a /usr/lib/gcc/arm-none-eabi/10.3.1/../../../arm-none-eabi/lib/thumb/v7e-m/nofp/libc_nano.a(lib_a-writer.o)
 .debug_info    0x0000000000009ce8      0x805 /usr/lib/gcc/arm-none-eabi/10.3.1/../../../arm-none-eabi/lib/thumb/v7e-m/nofp/libc_nano.a(lib_a-closer.o)
 .debug_info    0x000000000000a4ed      0xa1d /usr/lib/gcc/arm-none-eabi/10.3.1/../../../arm-none-eabi/lib/thumb/v7e-m/nofp/libc_nano.a(lib_a-fstatr.o)
 .debug_info    0x000000000000af0a      0x805 /usr/lib/gcc/arm-none-eabi/10.3.1/../../../arm-none-eabi/lib/thumb/v7e-m/nofp/libc_nano.a(lib_a-isattyr.o)
 .debug_info    0x000000000000b70f      0x83b /usr/lib/gcc/arm-none-eabi/10.3.1/../../../arm-none-eabi/lib/thumb/v7e-m/nofp/libc_nano.a(lib_a-lseekr.o)
 .debug_info    0x000000000000bf4a      0x7dc /usr/lib/gcc/arm-none-eabi/10.3.1/../../../arm-none-eabi/lib/thumb/v7e-m/nofp/libc_nano.a(lib_a-mlock.o)
 .debug_info    0x000000000000c726      0x853 /usr/lib/gcc/arm-none-eabi/10.3.1/../../../arm-none-eabi/lib/thumb/v7e-m/nofp/libc_nano.a(lib_a-readr.o)
 .debug_info    0x000000000000cf79      0xa7e /usr/lib/gcc/arm-none-eabi/10.3.1/../../../arm-none-eabi/lib/thumb/v7e-m/nofp/libc_nano.a(lib_a-reent.o)

.debug_abbrev   0x0000000000000000     0x32ac
 .debug_abbrev  0x0000000000000000       0x14 /usr/lib/gcc/arm-none-eabi/10.3.1/../../../arm-none-eabi/lib/thumb/v7e-m/nofp/crt0.o
 .debug_abbrev  0x0000000000000014       0xb7 /usr/lib/gcc/arm-none-eabi/10.3.1/../../../arm-none-eabi/lib/thumb/v7e-m/nofp/libc_nano.a(lib_a-atexit.o)
 .debug_abbrev  0x00000000000000cb      0x157 /usr/lib/gcc/arm-none-eabi/10.3.1/../../../arm-none-eabi/lib/thumb/v7e-m/nofp/libc_nano.a(lib_a-errno.o)
 .debug_abbrev  0x0000000000000222      0x1ba /usr/lib/gcc/arm-none-eabi/10.3.1/../../../arm-none-eabi/lib/thumb/v7e-m/nofp/libc_nano.a(lib_a-exit.o)
 .debug_abbrev  0x00000000000003dc       0xcf /usr/lib/gcc/arm-none-eabi/10.3.1/../../../arm-none-eabi/lib/thumb/v7e-m/nofp/libc_nano.a(lib_a-fini.o)
 .debug_abbrev  0x00000000000004ab      0x151 /usr/lib/gcc/arm-none-eabi/10.3.1/../../../arm-none-eabi/lib/thumb/v7e-m/nofp/libc_nano.a(lib_a-impure.o)
 .debug_abbrev  0x00000000000005fc       0xcc /usr/lib/gcc/arm-none-eabi/10.3.1/../../../arm-none-eabi/lib/thumb/v7e-m/nofp/libc_nano.a(lib_a-init.o)
 .debug_abbrev  0x00000000000006c8       0xb4 /usr/lib/gcc/arm-none-eabi/10.3.1/../../../arm-none-eabi/lib/thumb/v7e-m/nofp/libc_nano.a(lib_a-memset.o)
 .debug_abbrev  0x000000000000077c      0x28e /usr/lib/gcc/arm-none-eabi/10.3.1/../../../arm-none-eabi/lib/thumb/v7e-m/nofp/libc_nano.a(lib_a-puts.o)
 .debug_abbrev  0x0000000000000a0a      0x21f /usr/lib/gcc/arm-none-eabi/10.3.1/../../../arm-none-eabi/lib/thumb/v7e-m/nofp/libc_nano.a(lib_a-wbuf.o)
 .debug_abbrev  0x0000000000000c29      0x1d4 /usr/lib/gcc/arm-none-eabi/10.3.1/../../../arm-none-eabi/lib/thumb/v7e-m/nofp/libc_nano.a(lib_a-wsetup.o)
 .debug_abbrev  0x0000000000000dfd      0x1bd /usr/lib/gcc/arm-none-eabi/10.3.1/../../../arm-none-eabi/lib/thumb/v7e-m/nofp/libc_nano.a(lib_a-__atexit.o)
 .debug_abbrev  0x0000000000000fba      0x179 /usr/lib/gcc/arm-none-eabi/10.3.1/../../../arm-none-eabi/lib/thumb/v7e-m/nofp/libc_nano.a(lib_a-__call_atexit.o)
 .debug_abbrev  0x0000000000001133      0x2da /usr/lib/gcc/arm-none-eabi/10.3.1/../../../arm-none-eabi/lib/thumb/v7e-m/nofp/libc_nano.a(lib_a-fflush.o)
 .debug_abbrev  0x000000000000140d      0x3cd /usr/lib/gcc/arm-none-eabi/10.3.1/../../../arm-none-eabi/lib/thumb/v7e-m/nofp/libc_nano.a(lib_a-findfp.o)
 .debug_abbrev  0x00000000000017da      0x197 /usr/lib/gcc/arm-none-eabi/10.3.1/../../../arm-none-eabi/lib/thumb/v7e-m/nofp/libc_nano.a(lib_a-fwalk.o)
 .debug_abbrev  0x0000000000001971      0x278 /usr/lib/gcc/arm-none-eabi/10.3.1/../../../arm-none-eabi/lib/thumb/v7e-m/nofp/libc_nano.a(lib_a-makebuf.o)
 .debug_abbrev  0x0000000000001be9      0x245 /usr/lib/gcc/arm-none-eabi/10.3.1/../../../arm-none-eabi/lib/thumb/v7e-m/nofp/libc_nano.a(lib_a-nano-freer.o)
 .debug_abbrev  0x0000000000001e2e      0x290 /usr/lib/gcc/arm-none-eabi/10.3.1/../../../arm-none-eabi/lib/thumb/v7e-m/nofp/libc_nano.a(lib_a-nano-mallocr.o)
 .debug_abbrev  0x00000000000020be      0x1d6 /usr/lib/gcc/arm-none-eabi/10.3.1/../../../arm-none-eabi/lib/thumb/v7e-m/nofp/libc_nano.a(lib_a-sbrkr.o)
 .debug_abbrev  0x0000000000002294      0x1fb /usr/lib/gcc/arm-none-eabi/10.3.1/../../../arm-none-eabi/lib/thumb/v7e-m/nofp/libc_nano.a(lib_a-stdio.o)
 .debug_abbrev  0x000000000000248f      0x1b0 /usr/lib/gcc/arm-none-eabi/10.3.1/../../../arm-none-eabi/lib/thumb/v7e-m/nofp/libc_nano.a(lib_a-writer.o)
 .debug_abbrev  0x000000000000263f      0x1ab /usr/lib/gcc/arm-none-eabi/10.3.1/../../../arm-none-eabi/lib/thumb/v7e-m/nofp/libc_nano.a(lib_a-closer.o)
 .debug_abbrev  0x00000000000027ea      0x1bf /usr/lib/gcc/arm-none-eabi/10.3.1/../../../arm-none-eabi/lib/thumb/v7e-m/nofp/libc_nano.a(lib_a-fstatr.o)
 .debug_abbrev  0x00000000000029a9      0x1ab /usr/lib/gcc/arm-none-eabi/10.3.1/../../../arm-none-eabi/lib/thumb/v7e-m/nofp/libc_nano.a(lib_a-isattyr.o)
 .debug_abbrev  0x0000000000002b54      0x1bf /usr/lib/gcc/arm-none-eabi/10.3.1/../../../arm-none-eabi/lib/thumb/v7e-m/nofp/libc_nano.a(lib_a-lseekr.o)
 .debug_abbrev  0x0000000000002d13      0x189 /usr/lib/gcc/arm-none-eabi/10.3.1/../../../arm-none-eabi/lib/thumb/v7e-m/nofp/libc_nano.a(lib_a-mlock.o)
 .debug_abbrev  0x0000000000002e9c      0x1ab /usr/lib/gcc/arm-none-eabi/10.3.1/../../../arm-none-eabi/lib/thumb/v7e-m/nofp/libc_nano.a(lib_a-readr.o)
 .debug_abbrev  0x0000000000003047      0x265 /usr/lib/gcc/arm-none-eabi/10.3.1/../../../arm-none-eabi/lib/thumb/v7e-m/nofp/libc_nano.a(lib_a-reent.o)

.debug_aranges  0x0000000000000000      0x398
 .debug_aranges
                0x0000000000000000       0x20 /usr/lib/gcc/arm-none-eabi/10.3.1/../../../arm-none-eabi/lib/thumb/v7e-m/nofp/crt0.o
 .debug_aranges
                0x0000000000000020       0x20 /usr/lib/gcc/arm-none-eabi/10.3.1/../../../arm-none-eabi/lib/thumb/v7e-m/nofp/libc_nano.a(lib_a-atexit.o)
 .debug_aranges
                0x0000000000000040       0x20 /usr/lib/gcc/arm-none-eabi/10.3.1/../../../arm-none-eabi/lib/thumb/v7e-m/nofp/libc_nano.a(lib_a-errno.o)
 .debug_aranges
                0x0000000000000060       0x20 /usr/lib/gcc/arm-none-eabi/10.3.1/../../../arm-none-eabi/lib/thumb/v7e-m/nofp/libc_nano.a(lib_a-exit.o)
 .debug_aranges
                0x0000000000000080       0x20 /usr/lib/gcc/arm-none-eabi/10.3.1/../../../arm-none-eabi/lib/thumb/v7e-m/nofp/libc_nano.a(lib_a-fini.o)
 .debug_aranges
                0x00000000000000a0       0x18 /usr/lib/gcc/arm-none-eabi/10.3.1/../../../arm-none-eabi/lib/thumb/v7e-m/nofp/libc_nano.a(lib_a-impure.o)
 .debug_aranges
                0x00000000000000b8       0x20 /usr/lib/gcc/arm-none-eabi/10.3.1/../../../arm-none-eabi/lib/thumb/v7e-m/nofp/libc_nano.a(lib_a-init.o)
 .debug_aranges
                0x00000000000000d8       0x20 /usr/lib/gcc/arm-none-eabi/10.3.1/../../../arm-none-eabi/lib/thumb/v7e-m/nofp/libc_nano.a(lib_a-memset.o)
 .debug_aranges
                0x00000000000000f8       0x20 /usr/lib/gcc/arm-none-eabi/10.3.1/../../../arm-none-eabi/lib/thumb/v7e-m/nofp/libc_nano.a(lib_a-puts.o)
 .debug_aranges
                0x0000000000000118       0x20 /usr/lib/gcc/arm-none-eabi/10.3.1/../../../arm-none-eabi/lib/thumb/v7e-m/nofp/libc_nano.a(lib_a-wbuf.o)
 .debug_aranges
                0x0000000000000138       0x20 /usr/lib/gcc/arm-none-eabi/10.3.1/../../../arm-none-eabi/lib/thumb/v7e-m/nofp/libc_nano.a(lib_a-wsetup.o)
 .debug_aranges
                0x0000000000000158       0x20 /usr/lib/gcc/arm-none-eabi/10.3.1/../../../arm-none-eabi/lib/thumb/v7e-m/nofp/libc_nano.a(lib_a-__atexit.o)
 .debug_aranges
                0x0000000000000178       0x20 /usr/lib/gcc/arm-none-eabi/10.3.1/../../../arm-none-eabi/lib/thumb/v7e-m/nofp/libc_nano.a(lib_a-__call_atexit.o)
 .debug_aranges
                0x0000000000000198       0x20 /usr/lib/gcc/arm-none-eabi/10.3.1/../../../arm-none-eabi/lib/thumb/v7e-m/nofp/libc_nano.a(lib_a-fflush.o)
 .debug_aranges
                0x00000000000001b8       0x20 /usr/lib/gcc/arm-none-eabi/10.3.1/../../../arm-none-eabi/lib/thumb/v7e-m/nofp/libc_nano.a(lib_a-findfp.o)
 .debug_aranges
                0x00000000000001d8       0x20 /usr/lib/gcc/arm-none-eabi/10.3.1/../../../arm-none-eabi/lib/thumb/v7e-m/nofp/libc_nano.a(lib_a-fwalk.o)
 .debug_aranges
                0x00000000000001f8       0x20 /usr/lib/gcc/arm-none-eabi/10.3.1/../../../arm-none-eabi/lib/thumb/v7e-m/nofp/libc_nano.a(lib_a-makebuf.o)
 .debug_aranges
                0x0000000000000218       0x20 /usr/lib/gcc/arm-none-eabi/10.3.1/../../../arm-none-eabi/lib/thumb/v7e-m/nofp/libc_nano.a(lib_a-nano-freer.o)
 .debug_aranges
                0x0000000000000238       0x20 /usr/lib/gcc/arm-none-eabi/10.3.1/../../../arm-none-eabi/lib/thumb/v7e-m/nofp/libc_nano.a(lib_a-nano-mallocr.o)
 .debug_aranges
                0x0000000000000258       0x20 /usr/lib/gcc/arm-none-eabi/10.3.1/../../../arm-none-eabi/lib/thumb/v7e-m/nofp/libc_nano.a(lib_a-sbrkr.o)
 .debug_aranges
                0x0000000000000278       0x20 /usr/lib/gcc/arm-none-eabi/10.3.1/../../../arm-none-eabi/lib/thumb/v7e-m/nofp/libc_nano.a(lib_a-stdio.o)
 .debug_aranges
                0x0000000000000298       0x20 /usr/lib/gcc/arm-none-eabi/10.3.1/../../../arm-none-eabi/lib/thumb/v7e-m/nofp/libc_nano.a(lib_a-writer.o)
 .debug_aranges
                0x00000000000002b8       0x20 /usr/lib/gcc/arm-none-eabi/10.3.1/../../../arm-none-eabi/lib/thumb/v7e-m/nofp/libc_nano.a(lib_a-closer.o)
 .debug_aranges
                0x00000000000002d8       0x20 /usr/lib/gcc/arm-none-eabi/10.3.1/../../../arm-none-eabi/lib/thumb/v7e-m/nofp/libc_nano.a(lib_a-fstatr.o)
 .debug_aranges
                0x00000000000002f8       0x20 /usr/lib/gcc/arm-none-eabi/10.3.1/../../../arm-none-eabi/lib/thumb/v7e-m/nofp/libc_nano.a(lib_a-isattyr.o)
 .debug_aranges
                0x0000000000000318       0x20 /usr/lib/gcc/arm-none-eabi/10.3.1/../../../arm-none-eabi/lib/thumb/v7e-m/nofp/libc_nano.a(lib_a-lseekr.o)
 .debug_aranges
                0x0000000000000338       0x20 /usr/lib/gcc/arm-none-eabi/10.3.1/../../../arm-none-eabi/lib/thumb/v7e-m/nofp/libc_nano.a(lib_a-mlock.o)
 .debug_aranges
                0x0000000000000358       0x20 /usr/lib/gcc/arm-none-eabi/10.3.1/../../../arm-none-eabi/lib/thumb/v7e-m/nofp/libc_nano.a(lib_a-readr.o)
 .debug_aranges
                0x0000000000000378       0x20 /usr/lib/gcc/arm-none-eabi/10.3.1/../../../arm-none-eabi/lib/thumb/v7e-m/nofp/libc_nano.a(lib_a-reent.o)

.debug_str      0x0000000000000000     0x1343
 .debug_str     0x0000000000000000       0x95 /usr/lib/gcc/arm-none-eabi/10.3.1/../../../arm-none-eabi/lib/thumb/v7e-m/nofp/crt0.o
 .debug_str     0x0000000000000095      0x1a3 /usr/lib/gcc/arm-none-eabi/10.3.1/../../../arm-none-eabi/lib/thumb/v7e-m/nofp/libc_nano.a(lib_a-atexit.o)
                                        0x1e3 (size before relaxing)
 .debug_str     0x0000000000000238      0x397 /usr/lib/gcc/arm-none-eabi/10.3.1/../../../arm-none-eabi/lib/thumb/v7e-m/nofp/libc_nano.a(lib_a-errno.o)
                                        0x501 (size before relaxing)
 .debug_str     0x00000000000005cf       0x61 /usr/lib/gcc/arm-none-eabi/10.3.1/../../../arm-none-eabi/lib/thumb/v7e-m/nofp/libc_nano.a(lib_a-exit.o)
                                        0x522 (size before relaxing)
 .debug_str     0x0000000000000630       0xc9 /usr/lib/gcc/arm-none-eabi/10.3.1/../../../arm-none-eabi/lib/thumb/v7e-m/nofp/libc_nano.a(lib_a-fini.o)
                                        0x1db (size before relaxing)
 .debug_str     0x00000000000006f9       0xdc /usr/lib/gcc/arm-none-eabi/10.3.1/../../../arm-none-eabi/lib/thumb/v7e-m/nofp/libc_nano.a(lib_a-impure.o)
                                        0x558 (size before relaxing)
 .debug_str     0x00000000000007d5       0x90 /usr/lib/gcc/arm-none-eabi/10.3.1/../../../arm-none-eabi/lib/thumb/v7e-m/nofp/libc_nano.a(lib_a-init.o)
                                        0x205 (size before relaxing)
 .debug_str     0x0000000000000865       0xae /usr/lib/gcc/arm-none-eabi/10.3.1/../../../arm-none-eabi/lib/thumb/v7e-m/nofp/libc_nano.a(lib_a-memset.o)
                                        0x1ba (size before relaxing)
 .debug_str     0x0000000000000913       0xd4 /usr/lib/gcc/arm-none-eabi/10.3.1/../../../arm-none-eabi/lib/thumb/v7e-m/nofp/libc_nano.a(lib_a-puts.o)
                                        0x58d (size before relaxing)
 .debug_str     0x00000000000009e7       0x43 /usr/lib/gcc/arm-none-eabi/10.3.1/../../../arm-none-eabi/lib/thumb/v7e-m/nofp/libc_nano.a(lib_a-wbuf.o)
                                        0x57c (size before relaxing)
 .debug_str     0x0000000000000a2a       0x48 /usr/lib/gcc/arm-none-eabi/10.3.1/../../../arm-none-eabi/lib/thumb/v7e-m/nofp/libc_nano.a(lib_a-wsetup.o)
                                        0x577 (size before relaxing)
 .debug_str     0x0000000000000a72       0xc0 /usr/lib/gcc/arm-none-eabi/10.3.1/../../../arm-none-eabi/lib/thumb/v7e-m/nofp/libc_nano.a(lib_a-__atexit.o)
                                        0x291 (size before relaxing)
 .debug_str     0x0000000000000b32       0x62 /usr/lib/gcc/arm-none-eabi/10.3.1/../../../arm-none-eabi/lib/thumb/v7e-m/nofp/libc_nano.a(lib_a-__call_atexit.o)
                                        0x255 (size before relaxing)
 .debug_str     0x0000000000000b94       0x63 /usr/lib/gcc/arm-none-eabi/10.3.1/../../../arm-none-eabi/lib/thumb/v7e-m/nofp/libc_nano.a(lib_a-fflush.o)
                                        0x5b8 (size before relaxing)
 .debug_str     0x0000000000000bf7      0x1d4 /usr/lib/gcc/arm-none-eabi/10.3.1/../../../arm-none-eabi/lib/thumb/v7e-m/nofp/libc_nano.a(lib_a-findfp.o)
                                        0x731 (size before relaxing)
 .debug_str     0x0000000000000dcb       0x41 /usr/lib/gcc/arm-none-eabi/10.3.1/../../../arm-none-eabi/lib/thumb/v7e-m/nofp/libc_nano.a(lib_a-fwalk.o)
                                        0x51e (size before relaxing)
 .debug_str     0x0000000000000e0c      0x16c /usr/lib/gcc/arm-none-eabi/10.3.1/../../../arm-none-eabi/lib/thumb/v7e-m/nofp/libc_nano.a(lib_a-makebuf.o)
                                        0x69a (size before relaxing)
 .debug_str     0x0000000000000f78       0xb4 /usr/lib/gcc/arm-none-eabi/10.3.1/../../../arm-none-eabi/lib/thumb/v7e-m/nofp/libc_nano.a(lib_a-nano-freer.o)
                                        0x58f (size before relaxing)
 .debug_str     0x000000000000102c       0x46 /usr/lib/gcc/arm-none-eabi/10.3.1/../../../arm-none-eabi/lib/thumb/v7e-m/nofp/libc_nano.a(lib_a-nano-mallocr.o)
                                        0x5ba (size before relaxing)
 .debug_str     0x0000000000001072       0x47 /usr/lib/gcc/arm-none-eabi/10.3.1/../../../arm-none-eabi/lib/thumb/v7e-m/nofp/libc_nano.a(lib_a-sbrkr.o)
                                        0x510 (size before relaxing)
 .debug_str     0x00000000000010b9       0x92 /usr/lib/gcc/arm-none-eabi/10.3.1/../../../arm-none-eabi/lib/thumb/v7e-m/nofp/libc_nano.a(lib_a-stdio.o)
                                        0x56d (size before relaxing)
 .debug_str     0x000000000000114b       0x33 /usr/lib/gcc/arm-none-eabi/10.3.1/../../../arm-none-eabi/lib/thumb/v7e-m/nofp/libc_nano.a(lib_a-writer.o)
                                        0x50d (size before relaxing)
 .debug_str     0x000000000000117e       0x33 /usr/lib/gcc/arm-none-eabi/10.3.1/../../../arm-none-eabi/lib/thumb/v7e-m/nofp/libc_nano.a(lib_a-closer.o)
                                        0x4fd (size before relaxing)
 .debug_str     0x00000000000011b1       0x40 /usr/lib/gcc/arm-none-eabi/10.3.1/../../../arm-none-eabi/lib/thumb/v7e-m/nofp/libc_nano.a(lib_a-fstatr.o)
                                        0x64f (size before relaxing)
 .debug_str     0x00000000000011f1       0x3c /usr/lib/gcc/arm-none-eabi/10.3.1/../../../arm-none-eabi/lib/thumb/v7e-m/nofp/libc_nano.a(lib_a-isattyr.o)
                                        0x507 (size before relaxing)
 .debug_str     0x000000000000122d       0x3a /usr/lib/gcc/arm-none-eabi/10.3.1/../../../arm-none-eabi/lib/thumb/v7e-m/nofp/libc_nano.a(lib_a-lseekr.o)
                                        0x50b (size before relaxing)
 .debug_str     0x0000000000001267       0x4c /usr/lib/gcc/arm-none-eabi/10.3.1/../../../arm-none-eabi/lib/thumb/v7e-m/nofp/libc_nano.a(lib_a-mlock.o)
                                        0x526 (size before relaxing)
 .debug_str     0x00000000000012b3       0x32 /usr/lib/gcc/arm-none-eabi/10.3.1/../../../arm-none-eabi/lib/thumb/v7e-m/nofp/libc_nano.a(lib_a-readr.o)
                                        0x50b (size before relaxing)
 .debug_str     0x00000000000012e5       0x5e /usr/lib/gcc/arm-none-eabi/10.3.1/../../../arm-none-eabi/lib/thumb/v7e-m/nofp/libc_nano.a(lib_a-reent.o)
                                        0x538 (size before relaxing)

.debug_loc      0x0000000000000000     0x297a
 .debug_loc     0x0000000000000000       0x32 /usr/lib/gcc/arm-none-eabi/10.3.1/../../../arm-none-eabi/lib/thumb/v7e-m/nofp/libc_nano.a(lib_a-atexit.o)
 .debug_loc     0x0000000000000032       0x22 /usr/lib/gcc/arm-none-eabi/10.3.1/../../../arm-none-eabi/lib/thumb/v7e-m/nofp/libc_nano.a(lib_a-exit.o)
 .debug_loc     0x0000000000000054       0x68 /usr/lib/gcc/arm-none-eabi/10.3.1/../../../arm-none-eabi/lib/thumb/v7e-m/nofp/libc_nano.a(lib_a-fini.o)
 .debug_loc     0x00000000000000bc       0xba /usr/lib/gcc/arm-none-eabi/10.3.1/../../../arm-none-eabi/lib/thumb/v7e-m/nofp/libc_nano.a(lib_a-init.o)
 .debug_loc     0x0000000000000176      0x22c /usr/lib/gcc/arm-none-eabi/10.3.1/../../../arm-none-eabi/lib/thumb/v7e-m/nofp/libc_nano.a(lib_a-memset.o)
 .debug_loc     0x00000000000003a2      0x28c /usr/lib/gcc/arm-none-eabi/10.3.1/../../../arm-none-eabi/lib/thumb/v7e-m/nofp/libc_nano.a(lib_a-puts.o)
 .debug_loc     0x000000000000062e      0x193 /usr/lib/gcc/arm-none-eabi/10.3.1/../../../arm-none-eabi/lib/thumb/v7e-m/nofp/libc_nano.a(lib_a-wbuf.o)
 .debug_loc     0x00000000000007c1       0xb7 /usr/lib/gcc/arm-none-eabi/10.3.1/../../../arm-none-eabi/lib/thumb/v7e-m/nofp/libc_nano.a(lib_a-wsetup.o)
 .debug_loc     0x0000000000000878      0x1c4 /usr/lib/gcc/arm-none-eabi/10.3.1/../../../arm-none-eabi/lib/thumb/v7e-m/nofp/libc_nano.a(lib_a-__atexit.o)
 .debug_loc     0x0000000000000a3c      0x17d /usr/lib/gcc/arm-none-eabi/10.3.1/../../../arm-none-eabi/lib/thumb/v7e-m/nofp/libc_nano.a(lib_a-__call_atexit.o)
 .debug_loc     0x0000000000000bb9      0x4ba /usr/lib/gcc/arm-none-eabi/10.3.1/../../../arm-none-eabi/lib/thumb/v7e-m/nofp/libc_nano.a(lib_a-fflush.o)
 .debug_loc     0x0000000000001073      0x3d9 /usr/lib/gcc/arm-none-eabi/10.3.1/../../../arm-none-eabi/lib/thumb/v7e-m/nofp/libc_nano.a(lib_a-findfp.o)
 .debug_loc     0x000000000000144c      0x1bf /usr/lib/gcc/arm-none-eabi/10.3.1/../../../arm-none-eabi/lib/thumb/v7e-m/nofp/libc_nano.a(lib_a-fwalk.o)
 .debug_loc     0x000000000000160b      0x327 /usr/lib/gcc/arm-none-eabi/10.3.1/../../../arm-none-eabi/lib/thumb/v7e-m/nofp/libc_nano.a(lib_a-makebuf.o)
 .debug_loc     0x0000000000001932      0x23a /usr/lib/gcc/arm-none-eabi/10.3.1/../../../arm-none-eabi/lib/thumb/v7e-m/nofp/libc_nano.a(lib_a-nano-freer.o)
 .debug_loc     0x0000000000001b6c      0x3cd /usr/lib/gcc/arm-none-eabi/10.3.1/../../../arm-none-eabi/lib/thumb/v7e-m/nofp/libc_nano.a(lib_a-nano-mallocr.o)
 .debug_loc     0x0000000000001f39       0x6c /usr/lib/gcc/arm-none-eabi/10.3.1/../../../arm-none-eabi/lib/thumb/v7e-m/nofp/libc_nano.a(lib_a-sbrkr.o)
 .debug_loc     0x0000000000001fa5      0x3a0 /usr/lib/gcc/arm-none-eabi/10.3.1/../../../arm-none-eabi/lib/thumb/v7e-m/nofp/libc_nano.a(lib_a-stdio.o)
 .debug_loc     0x0000000000002345       0xf7 /usr/lib/gcc/arm-none-eabi/10.3.1/../../../arm-none-eabi/lib/thumb/v7e-m/nofp/libc_nano.a(lib_a-writer.o)
 .debug_loc     0x000000000000243c       0x6c /usr/lib/gcc/arm-none-eabi/10.3.1/../../../arm-none-eabi/lib/thumb/v7e-m/nofp/libc_nano.a(lib_a-closer.o)
 .debug_loc     0x00000000000024a8       0xab /usr/lib/gcc/arm-none-eabi/10.3.1/../../../arm-none-eabi/lib/thumb/v7e-m/nofp/libc_nano.a(lib_a-fstatr.o)
 .debug_loc     0x0000000000002553       0x6c /usr/lib/gcc/arm-none-eabi/10.3.1/../../../arm-none-eabi/lib/thumb/v7e-m/nofp/libc_nano.a(lib_a-isattyr.o)
 .debug_loc     0x00000000000025bf       0xf7 /usr/lib/gcc/arm-none-eabi/10.3.1/../../../arm-none-eabi/lib/thumb/v7e-m/nofp/libc_nano.a(lib_a-lseekr.o)
 .debug_loc     0x00000000000026b6       0xf7 /usr/lib/gcc/arm-none-eabi/10.3.1/../../../arm-none-eabi/lib/thumb/v7e-m/nofp/libc_nano.a(lib_a-readr.o)
 .debug_loc     0x00000000000027ad      0x1cd /usr/lib/gcc/arm-none-eabi/10.3.1/../../../arm-none-eabi/lib/thumb/v7e-m/nofp/libc_nano.a(lib_a-reent.o)

.debug_frame    0x0000000000000000      0x774
 .debug_frame   0x0000000000000000       0x20 /usr/lib/gcc/arm-none-eabi/10.3.1/../../../arm-none-eabi/lib/thumb/v7e-m/nofp/libc_nano.a(lib_a-atexit.o)
 .debug_frame   0x0000000000000020       0x20 /usr/lib/gcc/arm-none-eabi/10.3.1/../../../arm-none-eabi/lib/thumb/v7e-m/nofp/libc_nano.a(lib_a-errno.o)
 .debug_frame   0x0000000000000040       0x28 /usr/lib/gcc/arm-none-eabi/10.3.1/../../../arm-none-eabi/lib/thumb/v7e-m/nofp/libc_nano.a(lib_a-exit.o)
 .debug_frame   0x0000000000000068       0x34 /usr/lib/gcc/arm-none-eabi/10.3.1/../../../arm-none-eabi/lib/thumb/v7e-m/nofp/libc_nano.a(lib_a-fini.o)
 .debug_frame   0x000000000000009c       0x2c /usr/lib/gcc/arm-none-eabi/10.3.1/../../../arm-none-eabi/lib/thumb/v7e-m/nofp/libc_nano.a(lib_a-init.o)
 .debug_frame   0x00000000000000c8       0x2c /usr/lib/gcc/arm-none-eabi/10.3.1/../../../arm-none-eabi/lib/thumb/v7e-m/nofp/libc_nano.a(lib_a-memset.o)
 .debug_frame   0x00000000000000f4       0x40 /usr/lib/gcc/arm-none-eabi/10.3.1/../../../arm-none-eabi/lib/thumb/v7e-m/nofp/libc_nano.a(lib_a-puts.o)
 .debug_frame   0x0000000000000134       0x4c /usr/lib/gcc/arm-none-eabi/10.3.1/../../../arm-none-eabi/lib/thumb/v7e-m/nofp/libc_nano.a(lib_a-wbuf.o)
 .debug_frame   0x0000000000000180       0x2c /usr/lib/gcc/arm-none-eabi/10.3.1/../../../arm-none-eabi/lib/thumb/v7e-m/nofp/libc_nano.a(lib_a-wsetup.o)
 .debug_frame   0x00000000000001ac       0x38 /usr/lib/gcc/arm-none-eabi/10.3.1/../../../arm-none-eabi/lib/thumb/v7e-m/nofp/libc_nano.a(lib_a-__atexit.o)
 .debug_frame   0x00000000000001e4       0x40 /usr/lib/gcc/arm-none-eabi/10.3.1/../../../arm-none-eabi/lib/thumb/v7e-m/nofp/libc_nano.a(lib_a-__call_atexit.o)
 .debug_frame   0x0000000000000224       0x88 /usr/lib/gcc/arm-none-eabi/10.3.1/../../../arm-none-eabi/lib/thumb/v7e-m/nofp/libc_nano.a(lib_a-fflush.o)
 .debug_frame   0x00000000000002ac      0x124 /usr/lib/gcc/arm-none-eabi/10.3.1/../../../arm-none-eabi/lib/thumb/v7e-m/nofp/libc_nano.a(lib_a-findfp.o)
 .debug_frame   0x00000000000003d0       0x54 /usr/lib/gcc/arm-none-eabi/10.3.1/../../../arm-none-eabi/lib/thumb/v7e-m/nofp/libc_nano.a(lib_a-fwalk.o)
 .debug_frame   0x0000000000000424       0x68 /usr/lib/gcc/arm-none-eabi/10.3.1/../../../arm-none-eabi/lib/thumb/v7e-m/nofp/libc_nano.a(lib_a-makebuf.o)
 .debug_frame   0x000000000000048c       0x58 /usr/lib/gcc/arm-none-eabi/10.3.1/../../../arm-none-eabi/lib/thumb/v7e-m/nofp/libc_nano.a(lib_a-nano-freer.o)
 .debug_frame   0x00000000000004e4       0x30 /usr/lib/gcc/arm-none-eabi/10.3.1/../../../arm-none-eabi/lib/thumb/v7e-m/nofp/libc_nano.a(lib_a-nano-mallocr.o)
 .debug_frame   0x0000000000000514       0x2c /usr/lib/gcc/arm-none-eabi/10.3.1/../../../arm-none-eabi/lib/thumb/v7e-m/nofp/libc_nano.a(lib_a-sbrkr.o)
 .debug_frame   0x0000000000000540       0x8c /usr/lib/gcc/arm-none-eabi/10.3.1/../../../arm-none-eabi/lib/thumb/v7e-m/nofp/libc_nano.a(lib_a-stdio.o)
 .debug_frame   0x00000000000005cc       0x2c /usr/lib/gcc/arm-none-eabi/10.3.1/../../../arm-none-eabi/lib/thumb/v7e-m/nofp/libc_nano.a(lib_a-writer.o)
 .debug_frame   0x00000000000005f8       0x2c /usr/lib/gcc/arm-none-eabi/10.3.1/../../../arm-none-eabi/lib/thumb/v7e-m/nofp/libc_nano.a(lib_a-closer.o)
 .debug_frame   0x0000000000000624       0x2c /usr/lib/gcc/arm-none-eabi/10.3.1/../../../arm-none-eabi/lib/thumb/v7e-m/nofp/libc_nano.a(lib_a-fstatr.o)
 .debug_frame   0x0000000000000650       0x2c /usr/lib/gcc/arm-none-eabi/10.3.1/../../../arm-none-eabi/lib/thumb/v7e-m/nofp/libc_nano.a(lib_a-isattyr.o)
 .debug_frame   0x000000000000067c       0x2c /usr/lib/gcc/arm-none-eabi/10.3.1/../../../arm-none-eabi/lib/thumb/v7e-m/nofp/libc_nano.a(lib_a-lseekr.o)
 .debug_frame   0x00000000000006a8       0x30 /usr/lib/gcc/arm-none-eabi/10.3.1/../../../arm-none-eabi/lib/thumb/v7e-m/nofp/libc_nano.a(lib_a-mlock.o)
 .debug_frame   0x00000000000006d8       0x2c /usr/lib/gcc/arm-none-eabi/10.3.1/../../../arm-none-eabi/lib/thumb/v7e-m/nofp/libc_nano.a(lib_a-readr.o)
 .debug_frame   0x0000000000000704       0x70 /usr/lib/gcc/arm-none-eabi/10.3.1/../../../arm-none-eabi/lib/thumb/v7e-m/nofp/libc_nano.a(lib_a-reent.o)

.debug_ranges   0x0000000000000000      0x328
 .debug_ranges  0x0000000000000000       0x58 /usr/lib/gcc/arm-none-eabi/10.3.1/../../../arm-none-eabi/lib/thumb/v7e-m/nofp/libc_nano.a(lib_a-puts.o)
 .debug_ranges  0x0000000000000058       0x20 /usr/lib/gcc/arm-none-eabi/10.3.1/../../../arm-none-eabi/lib/thumb/v7e-m/nofp/libc_nano.a(lib_a-wbuf.o)
 .debug_ranges  0x0000000000000078       0x30 /usr/lib/gcc/arm-none-eabi/10.3.1/../../../arm-none-eabi/lib/thumb/v7e-m/nofp/libc_nano.a(lib_a-wsetup.o)
 .debug_ranges  0x00000000000000a8       0x30 /usr/lib/gcc/arm-none-eabi/10.3.1/../../../arm-none-eabi/lib/thumb/v7e-m/nofp/libc_nano.a(lib_a-__call_atexit.o)
 .debug_ranges  0x00000000000000d8       0xc0 /usr/lib/gcc/arm-none-eabi/10.3.1/../../../arm-none-eabi/lib/thumb/v7e-m/nofp/libc_nano.a(lib_a-fflush.o)
 .debug_ranges  0x0000000000000198       0xc8 /usr/lib/gcc/arm-none-eabi/10.3.1/../../../arm-none-eabi/lib/thumb/v7e-m/nofp/libc_nano.a(lib_a-findfp.o)
 .debug_ranges  0x0000000000000260       0x78 /usr/lib/gcc/arm-none-eabi/10.3.1/../../../arm-none-eabi/lib/thumb/v7e-m/nofp/libc_nano.a(lib_a-makebuf.o)
 .debug_ranges  0x00000000000002d8       0x18 /usr/lib/gcc/arm-none-eabi/10.3.1/../../../arm-none-eabi/lib/thumb/v7e-m/nofp/libc_nano.a(lib_a-nano-freer.o)
 .debug_ranges  0x00000000000002f0       0x38 /usr/lib/gcc/arm-none-eabi/10.3.1/../../../arm-none-eabi/lib/thumb/v7e-m/nofp/libc_nano.a(lib_a-nano-mallocr.o)
